

================================================================
== Vivado HLS Report for 'mlp_accel'
================================================================
* Date:           Wed Sep  2 16:35:18 2026

* Version:        2018.3 (Build 2405991 on Thu Dec 06 23:56:15 MST 2018)
* Project:        proj_w16_simd16
* Solution:       sol_w16_simd16
* Product family: zynq
* Target device:  xc7z020clg400-1


================================================================
== Performance Estimates
================================================================
+ Timing (ns): 
    * Summary: 
    +--------+-------+----------+------------+
    |  Clock | Target| Estimated| Uncertainty|
    +--------+-------+----------+------------+
    |ap_clk  |  10.00|    11.425|        1.25|
    +--------+-------+----------+------------+

+ Latency (clock cycles): 
    * Summary: 
    +-----+-----+-----+-----+---------+
    |  Latency  |  Interval | Pipeline|
    | min | max | min | max |   Type  |
    +-----+-----+-----+-----+---------+
    |    ?|    ?|    ?|    ?|   none  |
    +-----+-----+-----+-----+---------+

    + Detail: 
        * Instance: 
        N/A

        * Loop: 
        +------------------------------+------+------+----------+-----------+-----------+------+----------+
        |                              |   Latency   | Iteration|  Initiation Interval  | Trip |          |
        |           Loop Name          |  min |  max |  Latency |  achieved |   target  | Count| Pipelined|
        +------------------------------+------+------+----------+-----------+-----------+------+----------+
        |- EXEC_FSM                    |     ?|     ?| 2 ~ 7171 |          -|          -|     ?|    no    |
        | + LOAD_LOOP_B                |   784|   784|        17|         16|          1|    49|    yes   |
        | + L1_NEURONS                 |  7168|  7168|        56|          -|          -|   128|    no    |
        |  ++ L1_BLOCKS_LOOP           |    52|    52|         5|          1|          1|    49|    yes   |
        | + L2_NEURONS                 |   960|   960|        15|          -|          -|    64|    no    |
        |  ++ L2_BLOCKS_LOOP           |    11|    11|         5|          1|          1|     8|    yes   |
        | + L3_NEURONS_L3_BLOCKS_LOOP  |    45|    45|         6|          1|          1|    40|    yes   |
        | + WRITE_LOOP                 |    10|    10|         1|          1|          1|    10|    yes   |
        +------------------------------+------+------+----------+-----------+-----------+------+----------+



================================================================
== Utilization Estimates
================================================================
* Summary: 
+-----------------+---------+-------+--------+-------+
|       Name      | BRAM_18K| DSP48E|   FF   |  LUT  |
+-----------------+---------+-------+--------+-------+
|DSP              |        -|     48|       -|      -|
|Expression       |        -|      -|       0|   5042|
|FIFO             |        -|      -|       -|      -|
|Instance         |        4|      -|     196|    537|
|Memory           |      138|      -|    1256|    392|
|Multiplexer      |        -|      -|       -|   1040|
|Register         |        0|      -|    4190|    192|
+-----------------+---------+-------+--------+-------+
|Total            |      142|     48|    5642|   7203|
+-----------------+---------+-------+--------+-------+
|Available        |      280|    220|  106400|  53200|
+-----------------+---------+-------+--------+-------+
|Utilization (%)  |       50|     21|       5|     13|
+-----------------+---------+-------+--------+-------+

+ Detail: 
    * Instance: 
    +-----------------------------+--------------------------+---------+-------+-----+-----+
    |           Instance          |          Module          | BRAM_18K| DSP48E|  FF | LUT |
    +-----------------------------+--------------------------+---------+-------+-----+-----+
    |mlp_accel_CTRL_BUS_s_axi_U   |mlp_accel_CTRL_BUS_s_axi  |        4|      0|  196|  180|
    |mlp_accel_mux_104_16_1_1_U1  |mlp_accel_mux_104_16_1_1  |        0|      0|    0|   21|
    |mlp_accel_mux_42_16_1_1_U2   |mlp_accel_mux_42_16_1_1   |        0|      0|    0|   21|
    |mlp_accel_mux_42_16_1_1_U3   |mlp_accel_mux_42_16_1_1   |        0|      0|    0|   21|
    |mlp_accel_mux_42_16_1_1_U4   |mlp_accel_mux_42_16_1_1   |        0|      0|    0|   21|
    |mlp_accel_mux_42_16_1_1_U5   |mlp_accel_mux_42_16_1_1   |        0|      0|    0|   21|
    |mlp_accel_mux_42_16_1_1_U6   |mlp_accel_mux_42_16_1_1   |        0|      0|    0|   21|
    |mlp_accel_mux_42_16_1_1_U7   |mlp_accel_mux_42_16_1_1   |        0|      0|    0|   21|
    |mlp_accel_mux_42_16_1_1_U8   |mlp_accel_mux_42_16_1_1   |        0|      0|    0|   21|
    |mlp_accel_mux_42_16_1_1_U9   |mlp_accel_mux_42_16_1_1   |        0|      0|    0|   21|
    |mlp_accel_mux_42_16_1_1_U10  |mlp_accel_mux_42_16_1_1   |        0|      0|    0|   21|
    |mlp_accel_mux_42_16_1_1_U11  |mlp_accel_mux_42_16_1_1   |        0|      0|    0|   21|
    |mlp_accel_mux_42_16_1_1_U12  |mlp_accel_mux_42_16_1_1   |        0|      0|    0|   21|
    |mlp_accel_mux_42_16_1_1_U13  |mlp_accel_mux_42_16_1_1   |        0|      0|    0|   21|
    |mlp_accel_mux_42_16_1_1_U14  |mlp_accel_mux_42_16_1_1   |        0|      0|    0|   21|
    |mlp_accel_mux_42_16_1_1_U15  |mlp_accel_mux_42_16_1_1   |        0|      0|    0|   21|
    |mlp_accel_mux_42_16_1_1_U16  |mlp_accel_mux_42_16_1_1   |        0|      0|    0|   21|
    |mlp_accel_mux_42_16_1_1_U17  |mlp_accel_mux_42_16_1_1   |        0|      0|    0|   21|
    +-----------------------------+--------------------------+---------+-------+-----+-----+
    |Total                        |                          |        4|      0|  196|  537|
    +-----------------------------+--------------------------+---------+-------+-----+-----+

    * DSP48: 
    +---------------------------------------------+-----------------------------------------+--------------+
    |                   Instance                  |                  Module                 |  Expression  |
    +---------------------------------------------+-----------------------------------------+--------------+
    |mlp_accel_mac_muladd_14s_16s_30s_30_1_1_U31  |mlp_accel_mac_muladd_14s_16s_30s_30_1_1  | i0 + i1 * i2 |
    |mlp_accel_mac_muladd_14s_16s_30s_30_1_1_U32  |mlp_accel_mac_muladd_14s_16s_30s_30_1_1  | i0 + i1 * i2 |
    |mlp_accel_mac_muladd_14s_16s_30s_30_1_1_U33  |mlp_accel_mac_muladd_14s_16s_30s_30_1_1  | i0 + i1 * i2 |
    |mlp_accel_mac_muladd_14s_16s_30s_30_1_1_U43  |mlp_accel_mac_muladd_14s_16s_30s_30_1_1  | i0 + i1 * i2 |
    |mlp_accel_mac_muladd_14s_16s_30s_30_1_1_U44  |mlp_accel_mac_muladd_14s_16s_30s_30_1_1  | i0 + i1 * i2 |
    |mlp_accel_mac_muladd_14s_16s_30s_30_1_1_U45  |mlp_accel_mac_muladd_14s_16s_30s_30_1_1  | i0 + i1 * i2 |
    |mlp_accel_mac_muladd_14s_16s_30s_30_1_1_U46  |mlp_accel_mac_muladd_14s_16s_30s_30_1_1  | i0 + i1 * i2 |
    |mlp_accel_mac_muladd_14s_16s_30s_30_1_1_U48  |mlp_accel_mac_muladd_14s_16s_30s_30_1_1  | i0 + i1 * i2 |
    |mlp_accel_mac_muladd_14s_16s_30s_30_1_1_U60  |mlp_accel_mac_muladd_14s_16s_30s_30_1_1  | i0 + i1 * i2 |
    |mlp_accel_mac_muladd_14s_16s_30s_30_1_1_U65  |mlp_accel_mac_muladd_14s_16s_30s_30_1_1  | i0 + i1 * i2 |
    |mlp_accel_mac_muladd_14s_16s_31s_31_1_1_U27  |mlp_accel_mac_muladd_14s_16s_31s_31_1_1  | i0 + i1 * i2 |
    |mlp_accel_mac_muladd_14s_16s_31s_31_1_1_U28  |mlp_accel_mac_muladd_14s_16s_31s_31_1_1  | i0 * i1 + i2 |
    |mlp_accel_mac_muladd_14s_16s_31s_31_1_1_U47  |mlp_accel_mac_muladd_14s_16s_31s_31_1_1  | i0 + i1 * i2 |
    |mlp_accel_mac_muladd_14s_16s_31s_31_1_1_U49  |mlp_accel_mac_muladd_14s_16s_31s_31_1_1  | i0 + i1 * i2 |
    |mlp_accel_mac_muladd_14s_16s_31s_31_1_1_U62  |mlp_accel_mac_muladd_14s_16s_31s_31_1_1  | i0 * i1 + i2 |
    |mlp_accel_mac_muladd_14s_16s_31s_31_1_1_U63  |mlp_accel_mac_muladd_14s_16s_31s_31_1_1  | i0 * i1 + i2 |
    |mlp_accel_mac_muladd_14s_16s_31s_31_1_1_U64  |mlp_accel_mac_muladd_14s_16s_31s_31_1_1  | i0 * i1 + i2 |
    |mlp_accel_mac_muladd_15s_16s_31s_31_1_1_U26  |mlp_accel_mac_muladd_15s_16s_31s_31_1_1  | i0 + i1 * i2 |
    |mlp_accel_mac_muladd_15s_16s_31s_31_1_1_U29  |mlp_accel_mac_muladd_15s_16s_31s_31_1_1  | i0 + i1 * i2 |
    |mlp_accel_mac_muladd_15s_16s_31s_31_1_1_U30  |mlp_accel_mac_muladd_15s_16s_31s_31_1_1  | i0 + i1 * i2 |
    |mlp_accel_mac_muladd_15s_16s_31s_31_1_1_U42  |mlp_accel_mac_muladd_15s_16s_31s_31_1_1  | i0 + i1 * i2 |
    |mlp_accel_mac_muladd_15s_16s_31s_31_1_1_U58  |mlp_accel_mac_muladd_15s_16s_31s_31_1_1  | i0 + i1 * i2 |
    |mlp_accel_mac_muladd_15s_16s_31s_31_1_1_U59  |mlp_accel_mac_muladd_15s_16s_31s_31_1_1  | i0 + i1 * i2 |
    |mlp_accel_mac_muladd_15s_16s_31s_31_1_1_U61  |mlp_accel_mac_muladd_15s_16s_31s_31_1_1  | i0 + i1 * i2 |
    |mlp_accel_mul_mul_14s_16s_30_1_1_U23         |mlp_accel_mul_mul_14s_16s_30_1_1         |    i0 * i1   |
    |mlp_accel_mul_mul_14s_16s_30_1_1_U24         |mlp_accel_mul_mul_14s_16s_30_1_1         |    i0 * i1   |
    |mlp_accel_mul_mul_14s_16s_30_1_1_U25         |mlp_accel_mul_mul_14s_16s_30_1_1         |    i0 * i1   |
    |mlp_accel_mul_mul_14s_16s_30_1_1_U35         |mlp_accel_mul_mul_14s_16s_30_1_1         |    i0 * i1   |
    |mlp_accel_mul_mul_14s_16s_30_1_1_U36         |mlp_accel_mul_mul_14s_16s_30_1_1         |    i0 * i1   |
    |mlp_accel_mul_mul_14s_16s_30_1_1_U38         |mlp_accel_mul_mul_14s_16s_30_1_1         |    i0 * i1   |
    |mlp_accel_mul_mul_14s_16s_30_1_1_U57         |mlp_accel_mul_mul_14s_16s_30_1_1         |    i0 * i1   |
    |mlp_accel_mul_mul_15s_16s_30_1_1_U37         |mlp_accel_mul_mul_15s_16s_30_1_1         |    i0 * i1   |
    |mlp_accel_mul_mul_15s_16s_30_1_1_U40         |mlp_accel_mul_mul_15s_16s_30_1_1         |    i0 * i1   |
    |mlp_accel_mul_mul_15s_16s_30_1_1_U52         |mlp_accel_mul_mul_15s_16s_30_1_1         |    i0 * i1   |
    |mlp_accel_mul_mul_15s_16s_31_1_1_U18         |mlp_accel_mul_mul_15s_16s_31_1_1         |    i0 * i1   |
    |mlp_accel_mul_mul_15s_16s_31_1_1_U19         |mlp_accel_mul_mul_15s_16s_31_1_1         |    i0 * i1   |
    |mlp_accel_mul_mul_15s_16s_31_1_1_U20         |mlp_accel_mul_mul_15s_16s_31_1_1         |    i0 * i1   |
    |mlp_accel_mul_mul_15s_16s_31_1_1_U21         |mlp_accel_mul_mul_15s_16s_31_1_1         |    i0 * i1   |
    |mlp_accel_mul_mul_15s_16s_31_1_1_U22         |mlp_accel_mul_mul_15s_16s_31_1_1         |    i0 * i1   |
    |mlp_accel_mul_mul_15s_16s_31_1_1_U34         |mlp_accel_mul_mul_15s_16s_31_1_1         |    i0 * i1   |
    |mlp_accel_mul_mul_15s_16s_31_1_1_U39         |mlp_accel_mul_mul_15s_16s_31_1_1         |    i0 * i1   |
    |mlp_accel_mul_mul_15s_16s_31_1_1_U41         |mlp_accel_mul_mul_15s_16s_31_1_1         |    i0 * i1   |
    |mlp_accel_mul_mul_15s_16s_31_1_1_U50         |mlp_accel_mul_mul_15s_16s_31_1_1         |    i0 * i1   |
    |mlp_accel_mul_mul_15s_16s_31_1_1_U51         |mlp_accel_mul_mul_15s_16s_31_1_1         |    i0 * i1   |
    |mlp_accel_mul_mul_15s_16s_31_1_1_U53         |mlp_accel_mul_mul_15s_16s_31_1_1         |    i0 * i1   |
    |mlp_accel_mul_mul_15s_16s_31_1_1_U54         |mlp_accel_mul_mul_15s_16s_31_1_1         |    i0 * i1   |
    |mlp_accel_mul_mul_15s_16s_31_1_1_U55         |mlp_accel_mul_mul_15s_16s_31_1_1         |    i0 * i1   |
    |mlp_accel_mul_mul_15s_16s_31_1_1_U56         |mlp_accel_mul_mul_15s_16s_31_1_1         |    i0 * i1   |
    +---------------------------------------------+-----------------------------------------+--------------+

    * Memory: 
    +-----------------+-------------------------+---------+----+----+------+-----+------+-------------+
    |      Memory     |          Module         | BRAM_18K| FF | LUT| Words| Bits| Banks| W*Bits*Banks|
    +-----------------+-------------------------+---------+----+----+------+-----+------+-------------+
    |input_buf_0_U    |mlp_accel_input_buf_0    |        0|  32|  13|    49|   16|     1|          784|
    |input_buf_1_U    |mlp_accel_input_buf_0    |        0|  32|  13|    49|   16|     1|          784|
    |input_buf_2_U    |mlp_accel_input_buf_0    |        0|  32|  13|    49|   16|     1|          784|
    |input_buf_3_U    |mlp_accel_input_buf_0    |        0|  32|  13|    49|   16|     1|          784|
    |input_buf_4_U    |mlp_accel_input_buf_0    |        0|  32|  13|    49|   16|     1|          784|
    |input_buf_5_U    |mlp_accel_input_buf_0    |        0|  32|  13|    49|   16|     1|          784|
    |input_buf_6_U    |mlp_accel_input_buf_0    |        0|  32|  13|    49|   16|     1|          784|
    |input_buf_7_U    |mlp_accel_input_buf_0    |        0|  32|  13|    49|   16|     1|          784|
    |input_buf_8_U    |mlp_accel_input_buf_0    |        0|  32|  13|    49|   16|     1|          784|
    |input_buf_9_U    |mlp_accel_input_buf_0    |        0|  32|  13|    49|   16|     1|          784|
    |input_buf_10_U   |mlp_accel_input_buf_0    |        0|  32|  13|    49|   16|     1|          784|
    |input_buf_11_U   |mlp_accel_input_buf_0    |        0|  32|  13|    49|   16|     1|          784|
    |input_buf_12_U   |mlp_accel_input_buf_0    |        0|  32|  13|    49|   16|     1|          784|
    |input_buf_13_U   |mlp_accel_input_buf_0    |        0|  32|  13|    49|   16|     1|          784|
    |input_buf_14_U   |mlp_accel_input_buf_0    |        0|  32|  13|    49|   16|     1|          784|
    |input_buf_15_U   |mlp_accel_input_buf_0    |        0|  32|  13|    49|   16|     1|          784|
    |ping_buf_0_U     |mlp_accel_ping_buf_0     |        0|  32|   2|     8|   16|     1|          128|
    |ping_buf_1_U     |mlp_accel_ping_buf_0     |        0|  32|   2|     8|   16|     1|          128|
    |ping_buf_2_U     |mlp_accel_ping_buf_0     |        0|  32|   2|     8|   16|     1|          128|
    |ping_buf_3_U     |mlp_accel_ping_buf_0     |        0|  32|   2|     8|   16|     1|          128|
    |ping_buf_4_U     |mlp_accel_ping_buf_0     |        0|  32|   2|     8|   16|     1|          128|
    |ping_buf_5_U     |mlp_accel_ping_buf_0     |        0|  32|   2|     8|   16|     1|          128|
    |ping_buf_6_U     |mlp_accel_ping_buf_0     |        0|  32|   2|     8|   16|     1|          128|
    |ping_buf_7_U     |mlp_accel_ping_buf_0     |        0|  32|   2|     8|   16|     1|          128|
    |ping_buf_8_U     |mlp_accel_ping_buf_0     |        0|  32|   2|     8|   16|     1|          128|
    |ping_buf_9_U     |mlp_accel_ping_buf_0     |        0|  32|   2|     8|   16|     1|          128|
    |ping_buf_10_U    |mlp_accel_ping_buf_0     |        0|  32|   2|     8|   16|     1|          128|
    |ping_buf_11_U    |mlp_accel_ping_buf_0     |        0|  32|   2|     8|   16|     1|          128|
    |ping_buf_12_U    |mlp_accel_ping_buf_0     |        0|  32|   2|     8|   16|     1|          128|
    |ping_buf_13_U    |mlp_accel_ping_buf_0     |        0|  32|   2|     8|   16|     1|          128|
    |ping_buf_14_U    |mlp_accel_ping_buf_0     |        0|  32|   2|     8|   16|     1|          128|
    |ping_buf_15_U    |mlp_accel_ping_buf_0     |        0|  32|   2|     8|   16|     1|          128|
    |weights_l1_0_U   |mlp_accel_weights_l1_0   |        8|   0|   0|  6272|   15|     1|        94080|
    |weights_l1_1_U   |mlp_accel_weights_l1_1   |        8|   0|   0|  6272|   15|     1|        94080|
    |weights_l1_10_U  |mlp_accel_weights_l1_10  |        7|   0|   0|  6272|   14|     1|        87808|
    |weights_l1_11_U  |mlp_accel_weights_l1_11  |        8|   0|   0|  6272|   15|     1|        94080|
    |weights_l1_12_U  |mlp_accel_weights_l1_12  |        7|   0|   0|  6272|   14|     1|        87808|
    |weights_l1_13_U  |mlp_accel_weights_l1_13  |        8|   0|   0|  6272|   15|     1|        94080|
    |weights_l1_14_U  |mlp_accel_weights_l1_14  |        7|   0|   0|  6272|   14|     1|        87808|
    |weights_l1_15_U  |mlp_accel_weights_l1_15  |        7|   0|   0|  6272|   14|     1|        87808|
    |weights_l1_2_U   |mlp_accel_weights_l1_2   |        8|   0|   0|  6272|   15|     1|        94080|
    |weights_l1_3_U   |mlp_accel_weights_l1_3   |        8|   0|   0|  6272|   15|     1|        94080|
    |weights_l1_4_U   |mlp_accel_weights_l1_4   |        7|   0|   0|  6272|   14|     1|        87808|
    |weights_l1_5_U   |mlp_accel_weights_l1_5   |        8|   0|   0|  6272|   15|     1|        94080|
    |weights_l1_6_U   |mlp_accel_weights_l1_6   |        8|   0|   0|  6272|   15|     1|        94080|
    |weights_l1_7_U   |mlp_accel_weights_l1_7   |        8|   0|   0|  6272|   15|     1|        94080|
    |weights_l1_8_U   |mlp_accel_weights_l1_8   |        7|   0|   0|  6272|   14|     1|        87808|
    |weights_l1_9_U   |mlp_accel_weights_l1_9   |        8|   0|   0|  6272|   15|     1|        94080|
    |weights_l2_0_U   |mlp_accel_weights_l2_0   |        1|   0|   0|   512|   15|     1|         7680|
    |weights_l2_1_U   |mlp_accel_weights_l2_1   |        1|   0|   0|   512|   15|     1|         7680|
    |weights_l2_10_U  |mlp_accel_weights_l2_10  |        1|   0|   0|   512|   15|     1|         7680|
    |weights_l2_11_U  |mlp_accel_weights_l2_11  |        1|   0|   0|   512|   14|     1|         7168|
    |weights_l2_12_U  |mlp_accel_weights_l2_12  |        1|   0|   0|   512|   15|     1|         7680|
    |weights_l2_13_U  |mlp_accel_weights_l2_13  |        1|   0|   0|   512|   14|     1|         7168|
    |weights_l2_14_U  |mlp_accel_weights_l2_14  |        1|   0|   0|   512|   15|     1|         7680|
    |weights_l2_15_U  |mlp_accel_weights_l2_15  |        1|   0|   0|   512|   14|     1|         7168|
    |weights_l2_2_U   |mlp_accel_weights_l2_2   |        1|   0|   0|   512|   14|     1|         7168|
    |weights_l2_3_U   |mlp_accel_weights_l2_3   |        1|   0|   0|   512|   14|     1|         7168|
    |weights_l2_4_U   |mlp_accel_weights_l2_4   |        1|   0|   0|   512|   14|     1|         7168|
    |weights_l2_5_U   |mlp_accel_weights_l2_5   |        1|   0|   0|   512|   14|     1|         7168|
    |weights_l2_6_U   |mlp_accel_weights_l2_6   |        1|   0|   0|   512|   15|     1|         7680|
    |weights_l2_7_U   |mlp_accel_weights_l2_7   |        1|   0|   0|   512|   14|     1|         7168|
    |weights_l2_8_U   |mlp_accel_weights_l2_8   |        1|   0|   0|   512|   14|     1|         7168|
    |weights_l2_9_U   |mlp_accel_weights_l2_9   |        1|   0|   0|   512|   14|     1|         7168|
    |weights_l3_0_U   |mlp_accel_weights_l3_0   |        0|  15|  10|    40|   15|     1|          600|
    |weights_l3_1_U   |mlp_accel_weights_l3_1   |        0|  15|  10|    40|   15|     1|          600|
    |weights_l3_10_U  |mlp_accel_weights_l3_10  |        0|  14|   9|    40|   14|     1|          560|
    |weights_l3_11_U  |mlp_accel_weights_l3_11  |        0|  14|   9|    40|   14|     1|          560|
    |weights_l3_12_U  |mlp_accel_weights_l3_12  |        0|  14|   9|    40|   14|     1|          560|
    |weights_l3_13_U  |mlp_accel_weights_l3_13  |        0|  14|   9|    40|   14|     1|          560|
    |weights_l3_14_U  |mlp_accel_weights_l3_14  |        0|  14|   9|    40|   14|     1|          560|
    |weights_l3_15_U  |mlp_accel_weights_l3_15  |        0|  14|   9|    40|   14|     1|          560|
    |weights_l3_2_U   |mlp_accel_weights_l3_2   |        0|  15|  10|    40|   15|     1|          600|
    |weights_l3_3_U   |mlp_accel_weights_l3_3   |        0|  14|   9|    40|   14|     1|          560|
    |weights_l3_4_U   |mlp_accel_weights_l3_4   |        0|  15|  10|    40|   15|     1|          600|
    |weights_l3_5_U   |mlp_accel_weights_l3_5   |        0|  14|   9|    40|   14|     1|          560|
    |weights_l3_6_U   |mlp_accel_weights_l3_6   |        0|  15|  10|    40|   15|     1|          600|
    |weights_l3_7_U   |mlp_accel_weights_l3_7   |        0|  15|  10|    40|   15|     1|          600|
    |weights_l3_8_U   |mlp_accel_weights_l3_8   |        0|  15|  10|    40|   15|     1|          600|
    |weights_l3_9_U   |mlp_accel_weights_l3_9   |        0|  15|  10|    40|   15|     1|          600|
    +-----------------+-------------------------+---------+----+----+------+-----+------+-------------+
    |Total            |                         |      138|1256| 392|110096| 1208|    80|      1609280|
    +-----------------+-------------------------+---------+----+----+------+-----+------+-------------+

    * FIFO: 
    N/A

    * Expression: 
    +--------------------------------+----------+-------+---+----+------------+------------+
    |          Variable Name         | Operation| DSP48E| FF| LUT| Bitwidth P0| Bitwidth P1|
    +--------------------------------+----------+-------+---+----+------------+------------+
    |acc_1_fu_4015_p2                |     +    |      0|  0|  32|          32|          32|
    |acc_2_fu_3114_p2                |     +    |      0|  0|  32|          32|          32|
    |acc_fu_5840_p2                  |     +    |      0|  0|  32|          32|          32|
    |b_1_fu_5972_p2                  |     +    |      0|  0|  15|           6|           1|
    |b_2_fu_5624_p2                  |     +    |      0|  0|  15|           6|           1|
    |b_3_fu_3796_p2                  |     +    |      0|  0|  13|           4|           1|
    |b_4_fu_2647_p2                  |     +    |      0|  0|  12|           1|           3|
    |i_1_fu_2531_p2                  |     +    |      0|  0|  13|           4|           1|
    |indvar_flatten_next_fu_2575_p2  |     +    |      0|  0|  15|           1|           6|
    |n_1_fu_5607_p2                  |     +    |      0|  0|  15|           8|           1|
    |n_2_fu_3767_p2                  |     +    |      0|  0|  15|           7|           1|
    |n_3_fu_2581_p2                  |     +    |      0|  0|  13|           1|           4|
    |next_mul_fu_5595_p2             |     +    |      0|  0|  17|          13|           6|
    |tmp21_fu_2975_p2                |     +    |      0|  0|  39|          32|          32|
    |tmp24_fu_3076_p2                |     +    |      0|  0|  32|          32|          32|
    |tmp25_fu_3082_p2                |     +    |      0|  0|  32|          32|          32|
    |tmp28_fu_3093_p2                |     +    |      0|  0|  32|          32|          32|
    |tmp31_fu_2987_p2                |     +    |      0|  0|  38|          31|          31|
    |tmp32_fu_3102_p2                |     +    |      0|  0|  32|          32|          32|
    |tmp37_fu_5782_p2                |     +    |      0|  0|  39|          32|          32|
    |tmp40_fu_5802_p2                |     +    |      0|  0|  32|          32|          32|
    |tmp41_fu_5808_p2                |     +    |      0|  0|  32|          32|          32|
    |tmp44_fu_5819_p2                |     +    |      0|  0|  32|          32|          32|
    |tmp47_fu_5791_p2                |     +    |      0|  0|  38|          31|          31|
    |tmp48_fu_5828_p2                |     +    |      0|  0|  32|          32|          32|
    |tmp60_fu_3953_p2                |     +    |      0|  0|  38|          31|          31|
    |tmp63_fu_3966_p2                |     +    |      0|  0|  38|          31|          31|
    |tmp64_fu_3975_p2                |     +    |      0|  0|  39|          32|          32|
    |tmp67_fu_3984_p2                |     +    |      0|  0|  38|          31|          31|
    |tmp70_fu_3996_p2                |     +    |      0|  0|  38|          31|          31|
    |tmp71_fu_4005_p2                |     +    |      0|  0|  39|          32|          32|
    |tmp_12_33_fu_4021_p2            |     +    |      0|  0|  39|          14|          32|
    |tmp_15_dup_fu_2993_p2           |     +    |      0|  0|  39|          14|          32|
    |tmp_17_fu_2625_p2               |     +    |      0|  0|  15|           7|           7|
    |tmp_52_fu_5834_p2               |     +    |      0|  0|  32|          32|          32|
    |tmp_61_fu_3108_p2               |     +    |      0|  0|  32|          32|          32|
    |tmp_64_fu_5634_p2               |     +    |      0|  0|  17|          13|          13|
    |tmp_67_fu_3806_p2               |     +    |      0|  0|  13|          11|          11|
    |tmp_68_fu_4011_p2               |     +    |      0|  0|  32|          32|          32|
    |tmp_8_24_fu_5846_p2             |     +    |      0|  0|  39|          14|          32|
    |exitcond1_fu_5966_p2            |   icmp   |      0|  0|  11|           6|           5|
    |exitcond2_fu_2587_p2            |   icmp   |      0|  0|   9|           3|           4|
    |exitcond5_fu_3790_p2            |   icmp   |      0|  0|  11|           4|           5|
    |exitcond6_fu_3761_p2            |   icmp   |      0|  0|  11|           7|           8|
    |exitcond8_fu_5618_p2            |   icmp   |      0|  0|  11|           6|           5|
    |exitcond9_fu_5601_p2            |   icmp   |      0|  0|  13|           8|           9|
    |exitcond_flatten_fu_2569_p2     |   icmp   |      0|  0|  11|           6|           6|
    |exitcond_fu_2525_p2             |   icmp   |      0|  0|   9|           4|           4|
    |icmp1_fu_3019_p2                |   icmp   |      0|  0|   9|           3|           1|
    |icmp2_fu_4053_p2                |   icmp   |      0|  0|   9|           3|           1|
    |icmp_fu_5878_p2                 |   icmp   |      0|  0|   9|           3|           1|
    |sel_tmp10_dup_fu_3189_p2        |   icmp   |      0|  0|   9|           4|           2|
    |sel_tmp12_dup_fu_3203_p2        |   icmp   |      0|  0|   9|           4|           2|
    |sel_tmp14_dup_fu_3217_p2        |   icmp   |      0|  0|   9|           4|           1|
    |sel_tmp16_dup_fu_3231_p2        |   icmp   |      0|  0|   9|           4|           1|
    |sel_tmp2_dup_fu_3133_p2         |   icmp   |      0|  0|   9|           4|           3|
    |sel_tmp4_dup_fu_3147_p2         |   icmp   |      0|  0|   9|           4|           3|
    |sel_tmp6_dup_fu_3161_p2         |   icmp   |      0|  0|   9|           4|           3|
    |sel_tmp8_dup_fu_3175_p2         |   icmp   |      0|  0|   9|           4|           3|
    |sel_tmp_dup_fu_3120_p2          |   icmp   |      0|  0|  11|           4|           5|
    |tmp_10_25_fu_5862_p2            |   icmp   |      0|  0|  18|          18|           1|
    |tmp_13_34_fu_4037_p2            |   icmp   |      0|  0|  18|          18|           1|
    |tmp_22_dup_fu_3025_p2           |   icmp   |      0|  0|  18|          18|          17|
    |tmp_55_fu_4105_p2               |   icmp   |      0|  0|   9|           2|           3|
    |tmp_56_fu_4111_p2               |   icmp   |      0|  0|   8|           2|           1|
    |tmp_57_fu_4117_p2               |   icmp   |      0|  0|   8|           2|           1|
    |tmp_34_fu_5902_p2               |    or    |      0|  0|   2|           1|           1|
    |tmp_53_fu_4077_p2               |    or    |      0|  0|   2|           1|           1|
    |tmp_73_dup_fu_3049_p2           |    or    |      0|  0|   2|           1|           1|
    |tmp_9_10_fu_6096_p2             |    or    |      0|  0|  10|          10|           4|
    |tmp_9_11_fu_6106_p2             |    or    |      0|  0|  10|          10|           4|
    |tmp_9_12_fu_6116_p2             |    or    |      0|  0|  10|          10|           4|
    |tmp_9_13_fu_6126_p2             |    or    |      0|  0|  10|          10|           4|
    |tmp_9_14_fu_6136_p2             |    or    |      0|  0|  10|          10|           4|
    |tmp_9_1_fu_6006_p2              |    or    |      0|  0|  10|          10|           2|
    |tmp_9_2_fu_6016_p2              |    or    |      0|  0|  10|          10|           2|
    |tmp_9_3_fu_6026_p2              |    or    |      0|  0|  10|          10|           3|
    |tmp_9_4_fu_6036_p2              |    or    |      0|  0|  10|          10|           3|
    |tmp_9_5_fu_6046_p2              |    or    |      0|  0|  10|          10|           3|
    |tmp_9_6_fu_6056_p2              |    or    |      0|  0|  10|          10|           3|
    |tmp_9_7_fu_6066_p2              |    or    |      0|  0|  10|          10|           4|
    |tmp_9_8_fu_6076_p2              |    or    |      0|  0|  10|          10|           4|
    |tmp_9_9_fu_6086_p2              |    or    |      0|  0|  10|          10|           4|
    |tmp_9_s_fu_5996_p2              |    or    |      0|  0|  10|          10|           1|
    |acc_assign_2_mid2_fu_3063_p3    |  select  |      0|  0|  32|           1|           1|
    |b2_mid2_fu_2593_p3              |  select  |      0|  0|   3|           1|           1|
    |out_buf_8_1_mid2_fu_3603_p3     |  select  |      0|  0|  16|           1|          16|
    |out_buf_9_100_fu_3434_p3        |  select  |      0|  0|  16|           1|          16|
    |out_buf_9_101_fu_3441_p3        |  select  |      0|  0|  16|           1|          16|
    |out_buf_9_102_fu_3449_p3        |  select  |      0|  0|  16|           1|          16|
    |out_buf_9_103_fu_3457_p3        |  select  |      0|  0|  16|           1|          16|
    |out_buf_9_104_fu_3465_p3        |  select  |      0|  0|  16|           1|          16|
    |out_buf_9_105_fu_3473_p3        |  select  |      0|  0|  16|           1|          16|
    |out_buf_9_107_fu_3481_p3        |  select  |      0|  0|  16|           1|          16|
    |out_buf_9_108_fu_3488_p3        |  select  |      0|  0|  16|           1|          16|
    |out_buf_9_109_fu_3496_p3        |  select  |      0|  0|  16|           1|          16|
    |out_buf_9_110_fu_3504_p3        |  select  |      0|  0|  16|           1|          16|
    |out_buf_9_111_fu_3512_p3        |  select  |      0|  0|  16|           1|          16|
    |out_buf_9_113_fu_3520_p3        |  select  |      0|  0|  16|           1|          16|
    |out_buf_9_114_fu_3527_p3        |  select  |      0|  0|  16|           1|          16|
    |out_buf_9_115_fu_3535_p3        |  select  |      0|  0|  16|           1|          16|
    |out_buf_9_116_fu_3543_p3        |  select  |      0|  0|  16|           1|          16|
    |out_buf_9_118_fu_3551_p3        |  select  |      0|  0|  16|           1|          16|
    |out_buf_9_119_fu_3558_p3        |  select  |      0|  0|  16|           1|          16|
    |out_buf_9_120_fu_3566_p3        |  select  |      0|  0|  16|           1|          16|
    |out_buf_9_122_fu_3574_p3        |  select  |      0|  0|  16|           1|          16|
    |out_buf_9_123_fu_3581_p3        |  select  |      0|  0|  16|           1|          16|
    |out_buf_9_125_fu_3589_p3        |  select  |      0|  0|  16|           1|          16|
    |out_buf_9_127_fu_3055_p3        |  select  |      0|  0|  16|           1|          16|
    |out_buf_9_1_mid2_fu_3596_p3     |  select  |      0|  0|  16|           1|          16|
    |out_buf_9_20_mid2_fu_3610_p3    |  select  |      0|  0|  16|           1|          16|
    |out_buf_9_29_mid2_fu_3617_p3    |  select  |      0|  0|  16|           1|          16|
    |out_buf_9_37_mid2_fu_3624_p3    |  select  |      0|  0|  16|           1|          16|
    |out_buf_9_44_mid2_fu_3631_p3    |  select  |      0|  0|  16|           1|          16|
    |out_buf_9_50_mid2_fu_3638_p3    |  select  |      0|  0|  16|           1|          16|
    |out_buf_9_55_mid2_fu_3645_p3    |  select  |      0|  0|  16|           1|          16|
    |out_buf_9_59_mid2_fu_3652_p3    |  select  |      0|  0|  16|           1|          16|
    |out_buf_9_62_mid2_fu_3659_p3    |  select  |      0|  0|  16|           1|          16|
    |out_buf_9_65_fu_3139_p3         |  select  |      0|  0|  16|           1|          16|
    |out_buf_9_66_fu_3153_p3         |  select  |      0|  0|  16|           1|          16|
    |out_buf_9_67_fu_3167_p3         |  select  |      0|  0|  16|           1|          16|
    |out_buf_9_68_fu_3181_p3         |  select  |      0|  0|  16|           1|          16|
    |out_buf_9_69_fu_3195_p3         |  select  |      0|  0|  16|           1|          16|
    |out_buf_9_70_fu_3209_p3         |  select  |      0|  0|  16|           1|          16|
    |out_buf_9_71_fu_3223_p3         |  select  |      0|  0|  16|           1|          16|
    |out_buf_9_72_fu_3237_p3         |  select  |      0|  0|  16|           1|          16|
    |out_buf_9_73_fu_3245_p3         |  select  |      0|  0|  16|           1|          16|
    |out_buf_9_74_fu_3252_p3         |  select  |      0|  0|  16|           1|          16|
    |out_buf_9_75_fu_3260_p3         |  select  |      0|  0|  16|           1|          16|
    |out_buf_9_76_fu_3268_p3         |  select  |      0|  0|  16|           1|          16|
    |out_buf_9_77_fu_3276_p3         |  select  |      0|  0|  16|           1|          16|
    |out_buf_9_78_fu_3284_p3         |  select  |      0|  0|  16|           1|          16|
    |out_buf_9_79_fu_3292_p3         |  select  |      0|  0|  16|           1|          16|
    |out_buf_9_80_fu_3300_p3         |  select  |      0|  0|  16|           1|          16|
    |out_buf_9_81_fu_3308_p3         |  select  |      0|  0|  16|           1|          16|
    |out_buf_9_83_fu_3316_p3         |  select  |      0|  0|  16|           1|          16|
    |out_buf_9_84_fu_3323_p3         |  select  |      0|  0|  16|           1|          16|
    |out_buf_9_85_fu_3331_p3         |  select  |      0|  0|  16|           1|          16|
    |out_buf_9_86_fu_3339_p3         |  select  |      0|  0|  16|           1|          16|
    |out_buf_9_87_fu_3347_p3         |  select  |      0|  0|  16|           1|          16|
    |out_buf_9_88_fu_3355_p3         |  select  |      0|  0|  16|           1|          16|
    |out_buf_9_89_fu_3363_p3         |  select  |      0|  0|  16|           1|          16|
    |out_buf_9_90_fu_3371_p3         |  select  |      0|  0|  16|           1|          16|
    |out_buf_9_92_fu_3379_p3         |  select  |      0|  0|  16|           1|          16|
    |out_buf_9_93_fu_3386_p3         |  select  |      0|  0|  16|           1|          16|
    |out_buf_9_94_fu_3394_p3         |  select  |      0|  0|  16|           1|          16|
    |out_buf_9_95_fu_3402_p3         |  select  |      0|  0|  16|           1|          16|
    |out_buf_9_96_fu_3410_p3         |  select  |      0|  0|  16|           1|          16|
    |out_buf_9_97_fu_3418_p3         |  select  |      0|  0|  16|           1|          16|
    |out_buf_9_98_fu_3426_p3         |  select  |      0|  0|  16|           1|          16|
    |out_buf_9_fu_3126_p3            |  select  |      0|  0|  16|           1|          16|
    |p_i1_cast_fu_5894_p3            |  select  |      0|  0|  15|           1|           1|
    |p_i2_dup_fu_3041_p3             |  select  |      0|  0|  17|           1|          15|
    |p_i_cast_fu_4069_p3             |  select  |      0|  0|  15|           1|           1|
    |pong_buf_0_3_fu_4083_p3         |  select  |      0|  0|  16|           1|          16|
    |pong_buf_15_3_209_fu_5551_p3    |  select  |      0|  0|  16|           1|          16|
    |pong_buf_15_3_210_fu_5559_p3    |  select  |      0|  0|  16|           1|          16|
    |pong_buf_15_3_211_fu_5567_p3    |  select  |      0|  0|  16|           1|          16|
    |pong_buf_15_3_212_fu_5411_p3    |  select  |      0|  0|  16|           1|          16|
    |pong_buf_15_3_213_fu_5419_p3    |  select  |      0|  0|  16|           1|          16|
    |pong_buf_15_3_214_fu_5427_p3    |  select  |      0|  0|  16|           1|          16|
    |pong_buf_15_3_215_fu_5435_p3    |  select  |      0|  0|  16|           1|          16|
    |pong_buf_15_3_216_fu_5443_p3    |  select  |      0|  0|  16|           1|          16|
    |pong_buf_15_3_217_fu_5451_p3    |  select  |      0|  0|  16|           1|          16|
    |pong_buf_15_3_218_fu_5459_p3    |  select  |      0|  0|  16|           1|          16|
    |pong_buf_15_3_219_fu_5467_p3    |  select  |      0|  0|  16|           1|          16|
    |pong_buf_15_3_220_fu_5475_p3    |  select  |      0|  0|  16|           1|          16|
    |pong_buf_15_3_221_fu_5319_p3    |  select  |      0|  0|  16|           1|          16|
    |pong_buf_15_3_222_fu_5327_p3    |  select  |      0|  0|  16|           1|          16|
    |pong_buf_15_3_223_fu_5335_p3    |  select  |      0|  0|  16|           1|          16|
    |pong_buf_15_3_224_fu_5343_p3    |  select  |      0|  0|  16|           1|          16|
    |pong_buf_15_3_225_fu_5351_p3    |  select  |      0|  0|  16|           1|          16|
    |pong_buf_15_3_226_fu_5359_p3    |  select  |      0|  0|  16|           1|          16|
    |pong_buf_15_3_227_fu_5367_p3    |  select  |      0|  0|  16|           1|          16|
    |pong_buf_15_3_228_fu_5375_p3    |  select  |      0|  0|  16|           1|          16|
    |pong_buf_15_3_229_fu_5383_p3    |  select  |      0|  0|  16|           1|          16|
    |pong_buf_15_3_230_fu_5227_p3    |  select  |      0|  0|  16|           1|          16|
    |pong_buf_15_3_231_fu_5235_p3    |  select  |      0|  0|  16|           1|          16|
    |pong_buf_15_3_232_fu_5243_p3    |  select  |      0|  0|  16|           1|          16|
    |pong_buf_15_3_233_fu_5251_p3    |  select  |      0|  0|  16|           1|          16|
    |pong_buf_15_3_234_fu_5259_p3    |  select  |      0|  0|  16|           1|          16|
    |pong_buf_15_3_235_fu_5267_p3    |  select  |      0|  0|  16|           1|          16|
    |pong_buf_15_3_236_fu_5275_p3    |  select  |      0|  0|  16|           1|          16|
    |pong_buf_15_3_237_fu_5283_p3    |  select  |      0|  0|  16|           1|          16|
    |pong_buf_15_3_238_fu_5291_p3    |  select  |      0|  0|  16|           1|          16|
    |pong_buf_15_3_239_fu_5135_p3    |  select  |      0|  0|  16|           1|          16|
    |pong_buf_15_3_240_fu_5143_p3    |  select  |      0|  0|  16|           1|          16|
    |pong_buf_15_3_241_fu_5151_p3    |  select  |      0|  0|  16|           1|          16|
    |pong_buf_15_3_242_fu_5159_p3    |  select  |      0|  0|  16|           1|          16|
    |pong_buf_15_3_243_fu_5167_p3    |  select  |      0|  0|  16|           1|          16|
    |pong_buf_15_3_244_fu_5175_p3    |  select  |      0|  0|  16|           1|          16|
    |pong_buf_15_3_245_fu_5183_p3    |  select  |      0|  0|  16|           1|          16|
    |pong_buf_15_3_246_fu_5191_p3    |  select  |      0|  0|  16|           1|          16|
    |pong_buf_15_3_247_fu_5199_p3    |  select  |      0|  0|  16|           1|          16|
    |pong_buf_15_3_248_fu_5043_p3    |  select  |      0|  0|  16|           1|          16|
    |pong_buf_15_3_249_fu_5051_p3    |  select  |      0|  0|  16|           1|          16|
    |pong_buf_15_3_250_fu_5059_p3    |  select  |      0|  0|  16|           1|          16|
    |pong_buf_15_3_251_fu_5067_p3    |  select  |      0|  0|  16|           1|          16|
    |pong_buf_15_3_252_fu_5075_p3    |  select  |      0|  0|  16|           1|          16|
    |pong_buf_15_3_253_fu_5083_p3    |  select  |      0|  0|  16|           1|          16|
    |pong_buf_15_3_254_fu_5091_p3    |  select  |      0|  0|  16|           1|          16|
    |pong_buf_15_3_255_fu_5099_p3    |  select  |      0|  0|  16|           1|          16|
    |pong_buf_15_3_256_fu_5107_p3    |  select  |      0|  0|  16|           1|          16|
    |pong_buf_15_3_257_fu_4951_p3    |  select  |      0|  0|  16|           1|          16|
    |pong_buf_15_3_258_fu_4959_p3    |  select  |      0|  0|  16|           1|          16|
    |pong_buf_15_3_259_fu_4967_p3    |  select  |      0|  0|  16|           1|          16|
    |pong_buf_15_3_260_fu_4975_p3    |  select  |      0|  0|  16|           1|          16|
    |pong_buf_15_3_261_fu_4983_p3    |  select  |      0|  0|  16|           1|          16|
    |pong_buf_15_3_262_fu_4991_p3    |  select  |      0|  0|  16|           1|          16|
    |pong_buf_15_3_263_fu_4999_p3    |  select  |      0|  0|  16|           1|          16|
    |pong_buf_15_3_264_fu_5007_p3    |  select  |      0|  0|  16|           1|          16|
    |pong_buf_15_3_265_fu_5015_p3    |  select  |      0|  0|  16|           1|          16|
    |pong_buf_15_3_266_fu_4859_p3    |  select  |      0|  0|  16|           1|          16|
    |pong_buf_15_3_267_fu_4867_p3    |  select  |      0|  0|  16|           1|          16|
    |pong_buf_15_3_268_fu_4875_p3    |  select  |      0|  0|  16|           1|          16|
    |pong_buf_15_3_269_fu_4883_p3    |  select  |      0|  0|  16|           1|          16|
    |pong_buf_15_3_270_fu_4891_p3    |  select  |      0|  0|  16|           1|          16|
    |pong_buf_15_3_271_fu_4899_p3    |  select  |      0|  0|  16|           1|          16|
    |pong_buf_15_3_272_fu_4907_p3    |  select  |      0|  0|  16|           1|          16|
    |pong_buf_15_3_273_fu_4915_p3    |  select  |      0|  0|  16|           1|          16|
    |pong_buf_15_3_274_fu_4923_p3    |  select  |      0|  0|  16|           1|          16|
    |pong_buf_15_3_275_fu_4767_p3    |  select  |      0|  0|  16|           1|          16|
    |pong_buf_15_3_276_fu_4775_p3    |  select  |      0|  0|  16|           1|          16|
    |pong_buf_15_3_277_fu_4783_p3    |  select  |      0|  0|  16|           1|          16|
    |pong_buf_15_3_278_fu_4791_p3    |  select  |      0|  0|  16|           1|          16|
    |pong_buf_15_3_279_fu_4799_p3    |  select  |      0|  0|  16|           1|          16|
    |pong_buf_15_3_280_fu_4807_p3    |  select  |      0|  0|  16|           1|          16|
    |pong_buf_15_3_281_fu_4815_p3    |  select  |      0|  0|  16|           1|          16|
    |pong_buf_15_3_282_fu_4823_p3    |  select  |      0|  0|  16|           1|          16|
    |pong_buf_15_3_283_fu_4831_p3    |  select  |      0|  0|  16|           1|          16|
    |pong_buf_15_3_284_fu_4675_p3    |  select  |      0|  0|  16|           1|          16|
    |pong_buf_15_3_285_fu_4683_p3    |  select  |      0|  0|  16|           1|          16|
    |pong_buf_15_3_286_fu_4691_p3    |  select  |      0|  0|  16|           1|          16|
    |pong_buf_15_3_287_fu_4699_p3    |  select  |      0|  0|  16|           1|          16|
    |pong_buf_15_3_288_fu_4707_p3    |  select  |      0|  0|  16|           1|          16|
    |pong_buf_15_3_289_fu_4715_p3    |  select  |      0|  0|  16|           1|          16|
    |pong_buf_15_3_290_fu_4723_p3    |  select  |      0|  0|  16|           1|          16|
    |pong_buf_15_3_291_fu_4731_p3    |  select  |      0|  0|  16|           1|          16|
    |pong_buf_15_3_292_fu_4739_p3    |  select  |      0|  0|  16|           1|          16|
    |pong_buf_15_3_293_fu_4583_p3    |  select  |      0|  0|  16|           1|          16|
    |pong_buf_15_3_294_fu_4591_p3    |  select  |      0|  0|  16|           1|          16|
    |pong_buf_15_3_295_fu_4599_p3    |  select  |      0|  0|  16|           1|          16|
    |pong_buf_15_3_296_fu_4607_p3    |  select  |      0|  0|  16|           1|          16|
    |pong_buf_15_3_297_fu_4615_p3    |  select  |      0|  0|  16|           1|          16|
    |pong_buf_15_3_298_fu_4623_p3    |  select  |      0|  0|  16|           1|          16|
    |pong_buf_15_3_299_fu_4631_p3    |  select  |      0|  0|  16|           1|          16|
    |pong_buf_15_3_300_fu_4639_p3    |  select  |      0|  0|  16|           1|          16|
    |pong_buf_15_3_301_fu_4647_p3    |  select  |      0|  0|  16|           1|          16|
    |pong_buf_15_3_302_fu_4491_p3    |  select  |      0|  0|  16|           1|          16|
    |pong_buf_15_3_303_fu_4499_p3    |  select  |      0|  0|  16|           1|          16|
    |pong_buf_15_3_304_fu_4507_p3    |  select  |      0|  0|  16|           1|          16|
    |pong_buf_15_3_305_fu_4515_p3    |  select  |      0|  0|  16|           1|          16|
    |pong_buf_15_3_306_fu_4523_p3    |  select  |      0|  0|  16|           1|          16|
    |pong_buf_15_3_307_fu_4531_p3    |  select  |      0|  0|  16|           1|          16|
    |pong_buf_15_3_308_fu_4539_p3    |  select  |      0|  0|  16|           1|          16|
    |pong_buf_15_3_309_fu_4547_p3    |  select  |      0|  0|  16|           1|          16|
    |pong_buf_15_3_310_fu_4555_p3    |  select  |      0|  0|  16|           1|          16|
    |pong_buf_15_3_311_fu_4399_p3    |  select  |      0|  0|  16|           1|          16|
    |pong_buf_15_3_312_fu_4407_p3    |  select  |      0|  0|  16|           1|          16|
    |pong_buf_15_3_313_fu_4415_p3    |  select  |      0|  0|  16|           1|          16|
    |pong_buf_15_3_314_fu_4423_p3    |  select  |      0|  0|  16|           1|          16|
    |pong_buf_15_3_315_fu_4431_p3    |  select  |      0|  0|  16|           1|          16|
    |pong_buf_15_3_316_fu_4439_p3    |  select  |      0|  0|  16|           1|          16|
    |pong_buf_15_3_317_fu_4447_p3    |  select  |      0|  0|  16|           1|          16|
    |pong_buf_15_3_318_fu_4455_p3    |  select  |      0|  0|  16|           1|          16|
    |pong_buf_15_3_319_fu_4463_p3    |  select  |      0|  0|  16|           1|          16|
    |pong_buf_15_3_320_fu_4307_p3    |  select  |      0|  0|  16|           1|          16|
    |pong_buf_15_3_321_fu_4315_p3    |  select  |      0|  0|  16|           1|          16|
    |pong_buf_15_3_322_fu_4323_p3    |  select  |      0|  0|  16|           1|          16|
    |pong_buf_15_3_323_fu_4331_p3    |  select  |      0|  0|  16|           1|          16|
    |pong_buf_15_3_324_fu_4339_p3    |  select  |      0|  0|  16|           1|          16|
    |pong_buf_15_3_325_fu_4347_p3    |  select  |      0|  0|  16|           1|          16|
    |pong_buf_15_3_326_fu_4355_p3    |  select  |      0|  0|  16|           1|          16|
    |pong_buf_15_3_327_fu_4363_p3    |  select  |      0|  0|  16|           1|          16|
    |pong_buf_15_3_328_fu_4371_p3    |  select  |      0|  0|  16|           1|          16|
    |pong_buf_15_3_329_fu_4215_p3    |  select  |      0|  0|  16|           1|          16|
    |pong_buf_15_3_330_fu_4223_p3    |  select  |      0|  0|  16|           1|          16|
    |pong_buf_15_3_331_fu_4231_p3    |  select  |      0|  0|  16|           1|          16|
    |pong_buf_15_3_332_fu_4239_p3    |  select  |      0|  0|  16|           1|          16|
    |pong_buf_15_3_333_fu_4247_p3    |  select  |      0|  0|  16|           1|          16|
    |pong_buf_15_3_334_fu_4255_p3    |  select  |      0|  0|  16|           1|          16|
    |pong_buf_15_3_335_fu_4263_p3    |  select  |      0|  0|  16|           1|          16|
    |pong_buf_15_3_336_fu_4271_p3    |  select  |      0|  0|  16|           1|          16|
    |pong_buf_15_3_337_fu_4279_p3    |  select  |      0|  0|  16|           1|          16|
    |pong_buf_15_3_338_fu_4123_p3    |  select  |      0|  0|  16|           1|          16|
    |pong_buf_15_3_339_fu_4131_p3    |  select  |      0|  0|  16|           1|          16|
    |pong_buf_15_3_340_fu_4139_p3    |  select  |      0|  0|  16|           1|          16|
    |pong_buf_15_3_341_fu_4147_p3    |  select  |      0|  0|  16|           1|          16|
    |pong_buf_15_3_342_fu_4155_p3    |  select  |      0|  0|  16|           1|          16|
    |pong_buf_15_3_343_fu_4163_p3    |  select  |      0|  0|  16|           1|          16|
    |pong_buf_15_3_344_fu_4171_p3    |  select  |      0|  0|  16|           1|          16|
    |pong_buf_15_3_345_fu_4179_p3    |  select  |      0|  0|  16|           1|          16|
    |pong_buf_15_3_346_fu_4187_p3    |  select  |      0|  0|  16|           1|          16|
    |pong_buf_15_3_4_fu_5519_p3      |  select  |      0|  0|  16|           1|          16|
    |pong_buf_15_3_5_fu_5511_p3      |  select  |      0|  0|  16|           1|          16|
    |pong_buf_15_3_6_fu_5527_p3      |  select  |      0|  0|  16|           1|          16|
    |pong_buf_15_3_7_fu_5535_p3      |  select  |      0|  0|  16|           1|          16|
    |pong_buf_15_3_8_fu_5543_p3      |  select  |      0|  0|  16|           1|          16|
    |pong_buf_15_3_fu_5503_p3        |  select  |      0|  0|  16|           1|          16|
    |tmp_24_fu_5908_p3               |  select  |      0|  0|  16|           1|          16|
    |tmp_5_mid2_v_fu_2601_p3         |  select  |      0|  0|   4|           1|           4|
    |ap_enable_pp1                   |    xor   |      0|  0|   2|           1|           2|
    |ap_enable_pp2                   |    xor   |      0|  0|   2|           1|           2|
    |ap_enable_pp3                   |    xor   |      0|  0|   2|           1|           2|
    |ap_enable_pp4                   |    xor   |      0|  0|   2|           1|           2|
    |ap_enable_reg_pp2_iter1         |    xor   |      0|  0|   2|           2|           1|
    |ap_enable_reg_pp3_iter1         |    xor   |      0|  0|   2|           2|           1|
    +--------------------------------+----------+-------+---+----+------------+------------+
    |Total                           |          |      0|  0|5042|        1413|        4471|
    +--------------------------------+----------+-------+---+----+------------+------------+

    * Multiplexer: 
    +------------------------------+-----+-----------+-----+-----------+
    |             Name             | LUT | Input Size| Bits| Total Bits|
    +------------------------------+-----+-----------+-----+-----------+
    |acc_assign_1_reg_2218         |    9|          2|   32|         64|
    |acc_assign_2_reg_2183         |    9|          2|   32|         64|
    |acc_assign_reg_2266           |    9|          2|   32|         64|
    |ap_NS_fsm                     |  145|         32|    1|         32|
    |ap_enable_reg_pp1_iter5       |    9|          2|    1|          2|
    |ap_enable_reg_pp2_iter1       |    9|          2|    1|          2|
    |ap_enable_reg_pp2_iter4       |    9|          2|    1|          2|
    |ap_enable_reg_pp3_iter1       |    9|          2|    1|          2|
    |ap_enable_reg_pp3_iter4       |    9|          2|    1|          2|
    |ap_enable_reg_pp4_iter1       |    9|          2|    1|          2|
    |ap_phi_mux_b1_phi_fu_2258_p4  |    9|          2|    6|         12|
    |ap_phi_mux_b5_phi_fu_2210_p4  |    9|          2|    4|          8|
    |ap_phi_mux_b_phi_fu_2282_p4   |    9|          2|    6|         12|
    |ap_phi_mux_n9_phi_fu_2164_p4  |    9|          2|    4|          8|
    |b1_reg_2254                   |    9|          2|    6|         12|
    |b2_reg_2172                   |    9|          2|    3|          6|
    |b5_reg_2206                   |    9|          2|    4|          8|
    |b_reg_2278                    |    9|          2|    6|         12|
    |i_reg_2138                    |    9|          2|    4|          8|
    |in_vec_address0               |   85|         17|   10|        170|
    |indvar_flatten_reg_2149       |    9|          2|    6|         12|
    |input_buf_0_address0          |   15|          3|    6|         18|
    |input_buf_10_address0         |   15|          3|    6|         18|
    |input_buf_11_address0         |   15|          3|    6|         18|
    |input_buf_12_address0         |   15|          3|    6|         18|
    |input_buf_13_address0         |   15|          3|    6|         18|
    |input_buf_14_address0         |   15|          3|    6|         18|
    |input_buf_15_address0         |   15|          3|    6|         18|
    |input_buf_1_address0          |   15|          3|    6|         18|
    |input_buf_2_address0          |   15|          3|    6|         18|
    |input_buf_3_address0          |   15|          3|    6|         18|
    |input_buf_4_address0          |   15|          3|    6|         18|
    |input_buf_5_address0          |   15|          3|    6|         18|
    |input_buf_6_address0          |   15|          3|    6|         18|
    |input_buf_7_address0          |   15|          3|    6|         18|
    |input_buf_8_address0          |   15|          3|    6|         18|
    |input_buf_9_address0          |   15|          3|    6|         18|
    |n3_reg_2194                   |    9|          2|    7|         14|
    |n9_reg_2160                   |    9|          2|    4|          8|
    |n_reg_2230                    |    9|          2|    8|         16|
    |out_buf_9_10_fu_608           |    9|          2|   16|         32|
    |out_buf_9_1_fu_572            |    9|          2|   16|         32|
    |out_buf_9_2_fu_576            |    9|          2|   16|         32|
    |out_buf_9_3_fu_580            |    9|          2|   16|         32|
    |out_buf_9_4_fu_584            |    9|          2|   16|         32|
    |out_buf_9_5_fu_588            |    9|          2|   16|         32|
    |out_buf_9_6_fu_592            |    9|          2|   16|         32|
    |out_buf_9_7_fu_596            |    9|          2|   16|         32|
    |out_buf_9_8_fu_600            |    9|          2|   16|         32|
    |out_buf_9_9_fu_604            |    9|          2|   16|         32|
    |phi_mul_reg_2242              |    9|          2|   13|         26|
    |ping_buf_0_address0           |   15|          3|    3|          9|
    |ping_buf_10_address0          |   15|          3|    3|          9|
    |ping_buf_11_address0          |   15|          3|    3|          9|
    |ping_buf_12_address0          |   15|          3|    3|          9|
    |ping_buf_13_address0          |   15|          3|    3|          9|
    |ping_buf_14_address0          |   15|          3|    3|          9|
    |ping_buf_15_address0          |   15|          3|    3|          9|
    |ping_buf_1_address0           |   15|          3|    3|          9|
    |ping_buf_2_address0           |   15|          3|    3|          9|
    |ping_buf_3_address0           |   15|          3|    3|          9|
    |ping_buf_4_address0           |   15|          3|    3|          9|
    |ping_buf_5_address0           |   15|          3|    3|          9|
    |ping_buf_6_address0           |   15|          3|    3|          9|
    |ping_buf_7_address0           |   15|          3|    3|          9|
    |ping_buf_8_address0           |   15|          3|    3|          9|
    |ping_buf_9_address0           |   15|          3|    3|          9|
    |state_fu_612                  |   33|          6|    3|         18|
    +------------------------------+-----+-----------+-----+-----------+
    |Total                         | 1040|        217|  501|       1338|
    +------------------------------+-----+-----------+-----+-----------+

    * Register: 
    +-----------------------------+----+----+-----+-----------+
    |             Name            | FF | LUT| Bits| Const Bits|
    +-----------------------------+----+----+-----+-----------+
    |acc_assign_1_reg_2218        |  32|   0|   32|          0|
    |acc_assign_2_reg_2183        |  32|   0|   32|          0|
    |acc_assign_reg_2266          |  32|   0|   32|          0|
    |ap_CS_fsm                    |  31|   0|   31|          0|
    |ap_enable_reg_pp1_iter0      |   1|   0|    1|          0|
    |ap_enable_reg_pp1_iter1      |   1|   0|    1|          0|
    |ap_enable_reg_pp1_iter2      |   1|   0|    1|          0|
    |ap_enable_reg_pp1_iter3      |   1|   0|    1|          0|
    |ap_enable_reg_pp1_iter4      |   1|   0|    1|          0|
    |ap_enable_reg_pp1_iter5      |   1|   0|    1|          0|
    |ap_enable_reg_pp2_iter0      |   1|   0|    1|          0|
    |ap_enable_reg_pp2_iter1      |   1|   0|    1|          0|
    |ap_enable_reg_pp2_iter2      |   1|   0|    1|          0|
    |ap_enable_reg_pp2_iter3      |   1|   0|    1|          0|
    |ap_enable_reg_pp2_iter4      |   1|   0|    1|          0|
    |ap_enable_reg_pp3_iter0      |   1|   0|    1|          0|
    |ap_enable_reg_pp3_iter1      |   1|   0|    1|          0|
    |ap_enable_reg_pp3_iter2      |   1|   0|    1|          0|
    |ap_enable_reg_pp3_iter3      |   1|   0|    1|          0|
    |ap_enable_reg_pp3_iter4      |   1|   0|    1|          0|
    |ap_enable_reg_pp4_iter0      |   1|   0|    1|          0|
    |ap_enable_reg_pp4_iter1      |   1|   0|    1|          0|
    |b1_reg_2254                  |   6|   0|    6|          0|
    |b2_reg_2172                  |   3|   0|    3|          0|
    |b5_reg_2206                  |   4|   0|    4|          0|
    |b_1_reg_8099                 |   6|   0|    6|          0|
    |b_2_reg_7732                 |   6|   0|    6|          0|
    |b_3_reg_7359                 |   4|   0|    4|          0|
    |b_reg_2278                   |   6|   0|    6|          0|
    |exitcond1_reg_8095           |   1|   0|    1|          0|
    |exitcond2_reg_6965           |   1|   0|    1|          0|
    |exitcond5_reg_7355           |   1|   0|    1|          0|
    |exitcond8_reg_7728           |   1|   0|    1|          0|
    |exitcond_flatten_reg_6956    |   1|   0|    1|          0|
    |i_reg_2138                   |   4|   0|    4|          0|
    |indvar_flatten_reg_2149      |   6|   0|    6|          0|
    |input_buf_12_load_reg_7997   |  16|   0|   16|          0|
    |input_buf_15_load_reg_8007   |  16|   0|   16|          0|
    |input_buf_4_load_reg_7957    |  16|   0|   16|          0|
    |input_buf_7_load_reg_7967    |  16|   0|   16|          0|
    |n3_reg_2194                  |   7|   0|    7|          0|
    |n9_reg_2160                  |   4|   0|    4|          0|
    |n_1_reg_7723                 |   8|   0|    8|          0|
    |n_2_reg_7345                 |   7|   0|    7|          0|
    |n_reg_2230                   |   8|   0|    8|          0|
    |next_mul_reg_7714            |  13|   0|   13|          0|
    |out_buf_9_105_reg_7311       |  16|   0|   16|          0|
    |out_buf_9_10_fu_608          |  16|   0|   16|          0|
    |out_buf_9_111_reg_7316       |  16|   0|   16|          0|
    |out_buf_9_116_reg_7321       |  16|   0|   16|          0|
    |out_buf_9_120_reg_7326       |  16|   0|   16|          0|
    |out_buf_9_123_reg_7331       |  16|   0|   16|          0|
    |out_buf_9_125_reg_7336       |  16|   0|   16|          0|
    |out_buf_9_127_reg_7272       |  16|   0|   16|          0|
    |out_buf_9_1_fu_572           |  16|   0|   16|          0|
    |out_buf_9_2_fu_576           |  16|   0|   16|          0|
    |out_buf_9_3_fu_580           |  16|   0|   16|          0|
    |out_buf_9_4_fu_584           |  16|   0|   16|          0|
    |out_buf_9_5_fu_588           |  16|   0|   16|          0|
    |out_buf_9_6_fu_592           |  16|   0|   16|          0|
    |out_buf_9_72_reg_7291        |  16|   0|   16|          0|
    |out_buf_9_7_fu_596           |  16|   0|   16|          0|
    |out_buf_9_81_reg_7296        |  16|   0|   16|          0|
    |out_buf_9_8_fu_600           |  16|   0|   16|          0|
    |out_buf_9_90_reg_7301        |  16|   0|   16|          0|
    |out_buf_9_98_reg_7306        |  16|   0|   16|          0|
    |out_buf_9_9_fu_604           |  16|   0|   16|          0|
    |phi_mul_reg_2242             |  13|   0|   13|          0|
    |ping_buf_11_load_reg_7626    |  16|   0|   16|          0|
    |ping_buf_13_load_reg_7636    |  16|   0|   16|          0|
    |ping_buf_15_load_reg_7646    |  16|   0|   16|          0|
    |ping_buf_1_load_reg_7576     |  16|   0|   16|          0|
    |ping_buf_3_load_reg_7586     |  16|   0|   16|          0|
    |ping_buf_4_load_reg_7596     |  16|   0|   16|          0|
    |ping_buf_7_load_reg_7606     |  16|   0|   16|          0|
    |ping_buf_9_load_reg_7616     |  16|   0|   16|          0|
    |pong_buf_15_3_100_fu_396     |  16|   0|   16|          0|
    |pong_buf_15_3_108_fu_400     |  16|   0|   16|          0|
    |pong_buf_15_3_111_fu_404     |  16|   0|   16|          0|
    |pong_buf_15_3_119_fu_408     |  16|   0|   16|          0|
    |pong_buf_15_3_122_fu_412     |  16|   0|   16|          0|
    |pong_buf_15_3_12_fu_332      |  16|   0|   16|          0|
    |pong_buf_15_3_130_fu_416     |  16|   0|   16|          0|
    |pong_buf_15_3_133_fu_420     |  16|   0|   16|          0|
    |pong_buf_15_3_141_fu_424     |  16|   0|   16|          0|
    |pong_buf_15_3_144_fu_428     |  16|   0|   16|          0|
    |pong_buf_15_3_152_fu_432     |  16|   0|   16|          0|
    |pong_buf_15_3_155_fu_436     |  16|   0|   16|          0|
    |pong_buf_15_3_163_fu_440     |  16|   0|   16|          0|
    |pong_buf_15_3_166_fu_444     |  16|   0|   16|          0|
    |pong_buf_15_3_174_fu_448     |  16|   0|   16|          0|
    |pong_buf_15_3_177_fu_452     |  16|   0|   16|          0|
    |pong_buf_15_3_179_fu_456     |  16|   0|   16|          0|
    |pong_buf_15_3_180_fu_460     |  16|   0|   16|          0|
    |pong_buf_15_3_181_fu_464     |  16|   0|   16|          0|
    |pong_buf_15_3_182_fu_468     |  16|   0|   16|          0|
    |pong_buf_15_3_183_fu_472     |  16|   0|   16|          0|
    |pong_buf_15_3_184_fu_476     |  16|   0|   16|          0|
    |pong_buf_15_3_185_fu_480     |  16|   0|   16|          0|
    |pong_buf_15_3_186_fu_484     |  16|   0|   16|          0|
    |pong_buf_15_3_187_fu_488     |  16|   0|   16|          0|
    |pong_buf_15_3_188_fu_492     |  16|   0|   16|          0|
    |pong_buf_15_3_189_fu_496     |  16|   0|   16|          0|
    |pong_buf_15_3_190_fu_500     |  16|   0|   16|          0|
    |pong_buf_15_3_191_fu_504     |  16|   0|   16|          0|
    |pong_buf_15_3_192_fu_508     |  16|   0|   16|          0|
    |pong_buf_15_3_193_fu_512     |  16|   0|   16|          0|
    |pong_buf_15_3_194_fu_516     |  16|   0|   16|          0|
    |pong_buf_15_3_195_fu_520     |  16|   0|   16|          0|
    |pong_buf_15_3_196_fu_524     |  16|   0|   16|          0|
    |pong_buf_15_3_197_fu_528     |  16|   0|   16|          0|
    |pong_buf_15_3_198_fu_532     |  16|   0|   16|          0|
    |pong_buf_15_3_199_fu_536     |  16|   0|   16|          0|
    |pong_buf_15_3_1_fu_316       |  16|   0|   16|          0|
    |pong_buf_15_3_200_fu_540     |  16|   0|   16|          0|
    |pong_buf_15_3_201_fu_544     |  16|   0|   16|          0|
    |pong_buf_15_3_202_fu_548     |  16|   0|   16|          0|
    |pong_buf_15_3_203_fu_552     |  16|   0|   16|          0|
    |pong_buf_15_3_204_fu_556     |  16|   0|   16|          0|
    |pong_buf_15_3_205_fu_560     |  16|   0|   16|          0|
    |pong_buf_15_3_206_fu_564     |  16|   0|   16|          0|
    |pong_buf_15_3_207_fu_568     |  16|   0|   16|          0|
    |pong_buf_15_3_20_fu_336      |  16|   0|   16|          0|
    |pong_buf_15_3_23_fu_340      |  16|   0|   16|          0|
    |pong_buf_15_3_2_fu_320       |  16|   0|   16|          0|
    |pong_buf_15_3_31_fu_344      |  16|   0|   16|          0|
    |pong_buf_15_3_34_fu_348      |  16|   0|   16|          0|
    |pong_buf_15_3_3_fu_324       |  16|   0|   16|          0|
    |pong_buf_15_3_42_fu_352      |  16|   0|   16|          0|
    |pong_buf_15_3_45_fu_356      |  16|   0|   16|          0|
    |pong_buf_15_3_53_fu_360      |  16|   0|   16|          0|
    |pong_buf_15_3_56_fu_364      |  16|   0|   16|          0|
    |pong_buf_15_3_64_fu_368      |  16|   0|   16|          0|
    |pong_buf_15_3_67_fu_372      |  16|   0|   16|          0|
    |pong_buf_15_3_75_fu_376      |  16|   0|   16|          0|
    |pong_buf_15_3_78_fu_380      |  16|   0|   16|          0|
    |pong_buf_15_3_86_fu_384      |  16|   0|   16|          0|
    |pong_buf_15_3_89_fu_388      |  16|   0|   16|          0|
    |pong_buf_15_3_97_fu_392      |  16|   0|   16|          0|
    |pong_buf_15_3_9_fu_328       |  16|   0|   16|          0|
    |state_fu_612                 |   3|   0|    3|          0|
    |state_load_reg_6944          |   3|   0|    3|          0|
    |tmp21_reg_7242               |  32|   0|   32|          0|
    |tmp22_reg_7247               |  31|   0|   31|          0|
    |tmp23_reg_7252               |  31|   0|   31|          0|
    |tmp26_reg_7257               |  30|   0|   30|          0|
    |tmp27_reg_7262               |  31|   0|   31|          0|
    |tmp31_reg_7267               |  31|   0|   31|          0|
    |tmp37_reg_8057               |  32|   0|   32|          0|
    |tmp38_reg_8062               |  31|   0|   31|          0|
    |tmp39_reg_8067               |  31|   0|   31|          0|
    |tmp42_reg_8072               |  31|   0|   31|          0|
    |tmp43_reg_8077               |  31|   0|   31|          0|
    |tmp47_reg_8082               |  31|   0|   31|          0|
    |tmp64_reg_7696               |  32|   0|   32|          0|
    |tmp71_reg_7701               |  32|   0|   32|          0|
    |tmp_11_22_reg_7789           |   6|   0|   64|         58|
    |tmp_16_cast_reg_7350         |   7|   0|   11|          4|
    |tmp_18_reg_7037              |   2|   0|    2|          0|
    |tmp_1_reg_8104               |   6|   0|   10|          4|
    |tmp_26_cast_reg_6985         |   7|   0|   64|         57|
    |tmp_2_reg_8128               |   6|   0|   64|         58|
    |tmp_30_reg_7152              |  16|   0|   16|          0|
    |tmp_36_reg_8017              |  31|   0|   31|          0|
    |tmp_41_10_reg_8042           |  31|   0|   31|          0|
    |tmp_41_12_reg_8047           |  31|   0|   31|          0|
    |tmp_41_13_reg_8052           |  30|   0|   30|          0|
    |tmp_41_2_reg_8022            |  31|   0|   31|          0|
    |tmp_41_5_reg_8027            |  30|   0|   30|          0|
    |tmp_41_6_reg_8032            |  31|   0|   31|          0|
    |tmp_41_9_reg_8037            |  31|   0|   31|          0|
    |tmp_43_reg_7656              |  31|   0|   31|          0|
    |tmp_44_reg_7162              |  16|   0|   16|          0|
    |tmp_45_11_reg_7686           |  30|   0|   30|          0|
    |tmp_45_13_reg_7691           |  31|   0|   31|          0|
    |tmp_45_2_reg_7661            |  30|   0|   30|          0|
    |tmp_45_5_reg_7666            |  30|   0|   30|          0|
    |tmp_45_6_reg_7671            |  30|   0|   30|          0|
    |tmp_45_8_reg_7676            |  30|   0|   30|          0|
    |tmp_45_s_reg_7681            |  31|   0|   31|          0|
    |tmp_49_11_reg_7232           |  30|   0|   30|          0|
    |tmp_49_13_reg_7237           |  30|   0|   30|          0|
    |tmp_49_2_reg_7207            |  31|   0|   31|          0|
    |tmp_49_4_reg_7212            |  31|   0|   31|          0|
    |tmp_49_6_reg_7217            |  31|   0|   31|          0|
    |tmp_49_8_reg_7222            |  31|   0|   31|          0|
    |tmp_49_reg_7202              |  31|   0|   31|          0|
    |tmp_49_s_reg_7227            |  30|   0|   30|          0|
    |tmp_58_reg_7182              |  16|   0|   16|          0|
    |tmp_5_mid2_v_reg_6980        |   4|   0|    4|          0|
    |tmp_60_reg_7192              |  16|   0|   16|          0|
    |tmp_67_cast_reg_7737         |  13|   0|   64|         51|
    |tmp_68_cast_reg_7364         |  11|   0|   64|         53|
    |weights_l1_0_load_reg_7842   |  15|   0|   15|          0|
    |weights_l1_10_load_reg_7992  |  14|   0|   14|          0|
    |weights_l1_11_load_reg_7902  |  15|   0|   15|          0|
    |weights_l1_12_load_reg_8002  |  14|   0|   14|          0|
    |weights_l1_13_load_reg_7917  |  15|   0|   15|          0|
    |weights_l1_14_load_reg_7927  |  14|   0|   14|          0|
    |weights_l1_15_load_reg_8012  |  14|   0|   14|          0|
    |weights_l1_1_load_reg_7942   |  15|   0|   15|          0|
    |weights_l1_2_load_reg_7852   |  15|   0|   15|          0|
    |weights_l1_3_load_reg_7952   |  15|   0|   15|          0|
    |weights_l1_4_load_reg_7962   |  14|   0|   14|          0|
    |weights_l1_5_load_reg_7867   |  15|   0|   15|          0|
    |weights_l1_6_load_reg_7877   |  15|   0|   15|          0|
    |weights_l1_7_load_reg_7972   |  15|   0|   15|          0|
    |weights_l1_8_load_reg_7982   |  14|   0|   14|          0|
    |weights_l1_9_load_reg_7892   |  15|   0|   15|          0|
    |weights_l2_0_load_reg_7461   |  15|   0|   15|          0|
    |weights_l2_10_load_reg_7536  |  15|   0|   15|          0|
    |weights_l2_11_load_reg_7631  |  14|   0|   14|          0|
    |weights_l2_12_load_reg_7551  |  15|   0|   15|          0|
    |weights_l2_13_load_reg_7641  |  14|   0|   14|          0|
    |weights_l2_14_load_reg_7566  |  15|   0|   15|          0|
    |weights_l2_15_load_reg_7651  |  14|   0|   14|          0|
    |weights_l2_1_load_reg_7581   |  15|   0|   15|          0|
    |weights_l2_2_load_reg_7476   |  14|   0|   14|          0|
    |weights_l2_3_load_reg_7591   |  14|   0|   14|          0|
    |weights_l2_4_load_reg_7601   |  14|   0|   14|          0|
    |weights_l2_5_load_reg_7496   |  14|   0|   14|          0|
    |weights_l2_6_load_reg_7506   |  15|   0|   15|          0|
    |weights_l2_7_load_reg_7611   |  14|   0|   14|          0|
    |weights_l2_8_load_reg_7521   |  14|   0|   14|          0|
    |weights_l2_9_load_reg_7621   |  14|   0|   14|          0|
    |weights_l3_0_load_reg_7102   |  15|   0|   15|          0|
    |weights_l3_10_load_reg_7127  |  14|   0|   14|          0|
    |weights_l3_11_load_reg_7177  |  14|   0|   14|          0|
    |weights_l3_12_load_reg_7132  |  14|   0|   14|          0|
    |weights_l3_13_load_reg_7187  |  14|   0|   14|          0|
    |weights_l3_14_load_reg_7137  |  14|   0|   14|          0|
    |weights_l3_15_load_reg_7197  |  14|   0|   14|          0|
    |weights_l3_1_load_reg_7142   |  15|   0|   15|          0|
    |weights_l3_2_load_reg_7107   |  15|   0|   15|          0|
    |weights_l3_3_load_reg_7147   |  14|   0|   14|          0|
    |weights_l3_4_load_reg_7112   |  15|   0|   15|          0|
    |weights_l3_5_load_reg_7157   |  14|   0|   14|          0|
    |weights_l3_6_load_reg_7117   |  15|   0|   15|          0|
    |weights_l3_7_load_reg_7167   |  15|   0|   15|          0|
    |weights_l3_8_load_reg_7122   |  15|   0|   15|          0|
    |weights_l3_9_load_reg_7172   |  15|   0|   15|          0|
    |exitcond2_reg_6965           |  64|  32|    1|          0|
    |exitcond5_reg_7355           |  64|  32|    1|          0|
    |exitcond8_reg_7728           |  64|  32|    1|          0|
    |exitcond_flatten_reg_6956    |  64|  32|    1|          0|
    |n9_reg_2160                  |  64|  32|    4|          0|
    |tmp_18_reg_7037              |  64|  32|    2|          0|
    +-----------------------------+----+----+-----+-----------+
    |Total                        |4190| 192| 4101|        285|
    +-----------------------------+----+----+-----+-----------+



================================================================
== Interface
================================================================
* Summary: 
+------------------------+-----+-----+------------+--------------+--------------+
|        RTL Ports       | Dir | Bits|  Protocol  | Source Object|    C Type    |
+------------------------+-----+-----+------------+--------------+--------------+
|s_axi_CTRL_BUS_AWVALID  |  in |    1|    s_axi   |   CTRL_BUS   |     array    |
|s_axi_CTRL_BUS_AWREADY  | out |    1|    s_axi   |   CTRL_BUS   |     array    |
|s_axi_CTRL_BUS_AWADDR   |  in |   13|    s_axi   |   CTRL_BUS   |     array    |
|s_axi_CTRL_BUS_WVALID   |  in |    1|    s_axi   |   CTRL_BUS   |     array    |
|s_axi_CTRL_BUS_WREADY   | out |    1|    s_axi   |   CTRL_BUS   |     array    |
|s_axi_CTRL_BUS_WDATA    |  in |   32|    s_axi   |   CTRL_BUS   |     array    |
|s_axi_CTRL_BUS_WSTRB    |  in |    4|    s_axi   |   CTRL_BUS   |     array    |
|s_axi_CTRL_BUS_ARVALID  |  in |    1|    s_axi   |   CTRL_BUS   |     array    |
|s_axi_CTRL_BUS_ARREADY  | out |    1|    s_axi   |   CTRL_BUS   |     array    |
|s_axi_CTRL_BUS_ARADDR   |  in |   13|    s_axi   |   CTRL_BUS   |     array    |
|s_axi_CTRL_BUS_RVALID   | out |    1|    s_axi   |   CTRL_BUS   |     array    |
|s_axi_CTRL_BUS_RREADY   |  in |    1|    s_axi   |   CTRL_BUS   |     array    |
|s_axi_CTRL_BUS_RDATA    | out |   32|    s_axi   |   CTRL_BUS   |     array    |
|s_axi_CTRL_BUS_RRESP    | out |    2|    s_axi   |   CTRL_BUS   |     array    |
|s_axi_CTRL_BUS_BVALID   | out |    1|    s_axi   |   CTRL_BUS   |     array    |
|s_axi_CTRL_BUS_BREADY   |  in |    1|    s_axi   |   CTRL_BUS   |     array    |
|s_axi_CTRL_BUS_BRESP    | out |    2|    s_axi   |   CTRL_BUS   |     array    |
|ap_clk                  |  in |    1| ap_ctrl_hs |   mlp_accel  | return value |
|ap_rst_n                |  in |    1| ap_ctrl_hs |   mlp_accel  | return value |
|interrupt               | out |    1| ap_ctrl_hs |   mlp_accel  | return value |
+------------------------+-----+-----+------------+--------------+--------------+

