

================================================================
== Vivado HLS Report for 'mlp_accel_8b'
================================================================
* Date:           Wed Sep  2 16:31:02 2026

* Version:        2018.3 (Build 2405991 on Thu Dec 06 23:56:15 MST 2018)
* Project:        proj_w8_simd16
* Solution:       sol_w8_simd16
* Product family: zynq
* Target device:  xc7z020clg400-1


================================================================
== Performance Estimates
================================================================
+ Timing (ns): 
    * Summary: 
    +--------+-------+----------+------------+
    |  Clock | Target| Estimated| Uncertainty|
    +--------+-------+----------+------------+
    |ap_clk  |  10.00|    10.401|        1.25|
    +--------+-------+----------+------------+

+ Latency (clock cycles): 
    * Summary: 
    +------+------+------+------+---------+
    |   Latency   |   Interval  | Pipeline|
    |  min |  max |  min |  max |   Type  |
    +------+------+------+------+---------+
    |  8782|  8782|  8782|  8782|   none  |
    +------+------+------+------+---------+

    + Detail: 
        * Instance: 
        N/A

        * Loop: 
        +--------------------------+------+------+----------+-----------+-----------+------+----------+
        |                          |   Latency   | Iteration|  Initiation Interval  | Trip |          |
        |         Loop Name        |  min |  max |  Latency |  achieved |   target  | Count| Pipelined|
        +--------------------------+------+------+----------+-----------+-----------+------+----------+
        |- Loop 1                  |   784|   784|        17|         16|          1|    49|    yes   |
        |- L1_LOOP                 |  7040|  7040|        55|          -|          -|   128|    no    |
        | + L1_BLOCKS_LOOP         |    51|    51|         4|          1|          1|    49|    yes   |
        |- L2_LOOP                 |   896|   896|        14|          -|          -|    64|    no    |
        | + L2_BLOCKS_LOOP         |    10|    10|         4|          1|          1|     8|    yes   |
        |- L3_LOOP_L3_BLOCKS_LOOP  |    44|    44|         5|          1|          1|    40|    yes   |
        |- Loop 5                  |    10|    10|         1|          1|          1|    10|    yes   |
        +--------------------------+------+------+----------+-----------+-----------+------+----------+



================================================================
== Utilization Estimates
================================================================
* Summary: 
+-----------------+---------+-------+--------+-------+
|       Name      | BRAM_18K| DSP48E|   FF   |  LUT  |
+-----------------+---------+-------+--------+-------+
|DSP              |        -|     24|       -|      -|
|Expression       |        -|      0|       0|   3984|
|FIFO             |        -|      -|       -|      -|
|Instance         |        4|      -|     196|   1115|
|Memory           |       73|      -|     616|    200|
|Multiplexer      |        -|      -|       -|    895|
|Register         |        0|      -|    2095|    160|
+-----------------+---------+-------+--------+-------+
|Total            |       77|     24|    2907|   6354|
+-----------------+---------+-------+--------+-------+
|Available        |      280|    220|  106400|  53200|
+-----------------+---------+-------+--------+-------+
|Utilization (%)  |       27|     10|       2|     11|
+-----------------+---------+-------+--------+-------+

+ Detail: 
    * Instance: 
    +--------------------------------+-----------------------------+---------+-------+-----+-----+
    |            Instance            |            Module           | BRAM_18K| DSP48E|  FF | LUT |
    +--------------------------------+-----------------------------+---------+-------+-----+-----+
    |mlp_accel_8b_CTRL_BUS_s_axi_U   |mlp_accel_8b_CTRL_BUS_s_axi  |        4|      0|  196|  180|
    |mlp_accel_8b_mux_104_8_1_1_U17  |mlp_accel_8b_mux_104_8_1_1   |        0|      0|    0|   55|
    |mlp_accel_8b_mux_42_8_1_1_U1    |mlp_accel_8b_mux_42_8_1_1    |        0|      0|    0|   55|
    |mlp_accel_8b_mux_42_8_1_1_U2    |mlp_accel_8b_mux_42_8_1_1    |        0|      0|    0|   55|
    |mlp_accel_8b_mux_42_8_1_1_U3    |mlp_accel_8b_mux_42_8_1_1    |        0|      0|    0|   55|
    |mlp_accel_8b_mux_42_8_1_1_U4    |mlp_accel_8b_mux_42_8_1_1    |        0|      0|    0|   55|
    |mlp_accel_8b_mux_42_8_1_1_U5    |mlp_accel_8b_mux_42_8_1_1    |        0|      0|    0|   55|
    |mlp_accel_8b_mux_42_8_1_1_U6    |mlp_accel_8b_mux_42_8_1_1    |        0|      0|    0|   55|
    |mlp_accel_8b_mux_42_8_1_1_U7    |mlp_accel_8b_mux_42_8_1_1    |        0|      0|    0|   55|
    |mlp_accel_8b_mux_42_8_1_1_U8    |mlp_accel_8b_mux_42_8_1_1    |        0|      0|    0|   55|
    |mlp_accel_8b_mux_42_8_1_1_U9    |mlp_accel_8b_mux_42_8_1_1    |        0|      0|    0|   55|
    |mlp_accel_8b_mux_42_8_1_1_U10   |mlp_accel_8b_mux_42_8_1_1    |        0|      0|    0|   55|
    |mlp_accel_8b_mux_42_8_1_1_U11   |mlp_accel_8b_mux_42_8_1_1    |        0|      0|    0|   55|
    |mlp_accel_8b_mux_42_8_1_1_U12   |mlp_accel_8b_mux_42_8_1_1    |        0|      0|    0|   55|
    |mlp_accel_8b_mux_42_8_1_1_U13   |mlp_accel_8b_mux_42_8_1_1    |        0|      0|    0|   55|
    |mlp_accel_8b_mux_42_8_1_1_U14   |mlp_accel_8b_mux_42_8_1_1    |        0|      0|    0|   55|
    |mlp_accel_8b_mux_42_8_1_1_U15   |mlp_accel_8b_mux_42_8_1_1    |        0|      0|    0|   55|
    |mlp_accel_8b_mux_42_8_1_1_U16   |mlp_accel_8b_mux_42_8_1_1    |        0|      0|    0|   55|
    +--------------------------------+-----------------------------+---------+-------+-----+-----+
    |Total                           |                             |        4|      0|  196| 1115|
    +--------------------------------+-----------------------------+---------+-------+-----+-----+

    * DSP48: 
    +-----------------------------------------------+-------------------------------------------+--------------+
    |                    Instance                   |                   Module                  |  Expression  |
    +-----------------------------------------------+-------------------------------------------+--------------+
    |mlp_accel_8b_mac_muladd_6s_8s_14ns_14_1_1_U20  |mlp_accel_8b_mac_muladd_6s_8s_14ns_14_1_1  | i0 + i1 * i2 |
    |mlp_accel_8b_mac_muladd_6s_8s_14ns_14_1_1_U25  |mlp_accel_8b_mac_muladd_6s_8s_14ns_14_1_1  | i0 + i1 * i2 |
    |mlp_accel_8b_mac_muladd_6s_8s_14ns_14_1_1_U27  |mlp_accel_8b_mac_muladd_6s_8s_14ns_14_1_1  | i0 + i1 * i2 |
    |mlp_accel_8b_mac_muladd_6s_8s_14ns_14_1_1_U28  |mlp_accel_8b_mac_muladd_6s_8s_14ns_14_1_1  | i0 + i1 * i2 |
    |mlp_accel_8b_mac_muladd_6s_8s_14ns_14_1_1_U29  |mlp_accel_8b_mac_muladd_6s_8s_14ns_14_1_1  | i0 + i1 * i2 |
    |mlp_accel_8b_mac_muladd_6s_8s_14ns_14_1_1_U30  |mlp_accel_8b_mac_muladd_6s_8s_14ns_14_1_1  | i0 + i1 * i2 |
    |mlp_accel_8b_mac_muladd_6s_8s_14ns_14_1_1_U32  |mlp_accel_8b_mac_muladd_6s_8s_14ns_14_1_1  | i0 + i1 * i2 |
    |mlp_accel_8b_mac_muladd_6s_8s_14ns_14_1_1_U39  |mlp_accel_8b_mac_muladd_6s_8s_14ns_14_1_1  | i0 + i1 * i2 |
    |mlp_accel_8b_mac_muladd_6s_8s_14ns_14_1_1_U40  |mlp_accel_8b_mac_muladd_6s_8s_14ns_14_1_1  | i0 + i1 * i2 |
    |mlp_accel_8b_mac_muladd_6s_8s_14ns_14_1_1_U41  |mlp_accel_8b_mac_muladd_6s_8s_14ns_14_1_1  | i0 + i1 * i2 |
    |mlp_accel_8b_mac_muladd_6s_8s_14s_15_1_1_U31   |mlp_accel_8b_mac_muladd_6s_8s_14s_15_1_1   | i0 + i1 * i2 |
    |mlp_accel_8b_mac_muladd_6s_8s_15ns_15_1_1_U19  |mlp_accel_8b_mac_muladd_6s_8s_15ns_15_1_1  | i0 + i1 * i2 |
    |mlp_accel_8b_mac_muladd_6s_8s_15ns_15_1_1_U22  |mlp_accel_8b_mac_muladd_6s_8s_15ns_15_1_1  | i0 * i1 + i2 |
    |mlp_accel_8b_mac_muladd_6s_8s_15ns_15_1_1_U23  |mlp_accel_8b_mac_muladd_6s_8s_15ns_15_1_1  | i0 * i1 + i2 |
    |mlp_accel_8b_mac_muladd_6s_8s_15ns_15_1_1_U24  |mlp_accel_8b_mac_muladd_6s_8s_15ns_15_1_1  | i0 * i1 + i2 |
    |mlp_accel_8b_mac_muladd_6s_8s_15ns_15_1_1_U33  |mlp_accel_8b_mac_muladd_6s_8s_15ns_15_1_1  | i0 + i1 * i2 |
    |mlp_accel_8b_mac_muladd_6s_8s_15ns_15_1_1_U35  |mlp_accel_8b_mac_muladd_6s_8s_15ns_15_1_1  | i0 + i1 * i2 |
    |mlp_accel_8b_mac_muladd_6s_8s_15ns_15_1_1_U36  |mlp_accel_8b_mac_muladd_6s_8s_15ns_15_1_1  | i0 * i1 + i2 |
    |mlp_accel_8b_mac_muladd_7s_8s_15ns_15_1_1_U18  |mlp_accel_8b_mac_muladd_7s_8s_15ns_15_1_1  | i0 + i1 * i2 |
    |mlp_accel_8b_mac_muladd_7s_8s_15ns_15_1_1_U21  |mlp_accel_8b_mac_muladd_7s_8s_15ns_15_1_1  | i0 + i1 * i2 |
    |mlp_accel_8b_mac_muladd_7s_8s_15ns_15_1_1_U26  |mlp_accel_8b_mac_muladd_7s_8s_15ns_15_1_1  | i0 + i1 * i2 |
    |mlp_accel_8b_mac_muladd_7s_8s_15ns_15_1_1_U34  |mlp_accel_8b_mac_muladd_7s_8s_15ns_15_1_1  | i0 + i1 * i2 |
    |mlp_accel_8b_mac_muladd_7s_8s_15ns_15_1_1_U37  |mlp_accel_8b_mac_muladd_7s_8s_15ns_15_1_1  | i0 + i1 * i2 |
    |mlp_accel_8b_mac_muladd_7s_8s_15ns_15_1_1_U38  |mlp_accel_8b_mac_muladd_7s_8s_15ns_15_1_1  | i0 + i1 * i2 |
    +-----------------------------------------------+-------------------------------------------+--------------+

    * Memory: 
    +--------------------+-------------------------------+---------+----+----+------+-----+------+-------------+
    |       Memory       |             Module            | BRAM_18K| FF | LUT| Words| Bits| Banks| W*Bits*Banks|
    +--------------------+-------------------------------+---------+----+----+------+-----+------+-------------+
    |input_buf_0_U       |mlp_accel_8b_input_buf_0       |        0|  16|   7|    49|    8|     1|          392|
    |input_buf_1_U       |mlp_accel_8b_input_buf_0       |        0|  16|   7|    49|    8|     1|          392|
    |input_buf_2_U       |mlp_accel_8b_input_buf_0       |        0|  16|   7|    49|    8|     1|          392|
    |input_buf_3_U       |mlp_accel_8b_input_buf_0       |        0|  16|   7|    49|    8|     1|          392|
    |input_buf_4_U       |mlp_accel_8b_input_buf_0       |        0|  16|   7|    49|    8|     1|          392|
    |input_buf_5_U       |mlp_accel_8b_input_buf_0       |        0|  16|   7|    49|    8|     1|          392|
    |input_buf_6_U       |mlp_accel_8b_input_buf_0       |        0|  16|   7|    49|    8|     1|          392|
    |input_buf_7_U       |mlp_accel_8b_input_buf_0       |        0|  16|   7|    49|    8|     1|          392|
    |input_buf_8_U       |mlp_accel_8b_input_buf_0       |        0|  16|   7|    49|    8|     1|          392|
    |input_buf_9_U       |mlp_accel_8b_input_buf_0       |        0|  16|   7|    49|    8|     1|          392|
    |input_buf_10_U      |mlp_accel_8b_input_buf_0       |        0|  16|   7|    49|    8|     1|          392|
    |input_buf_11_U      |mlp_accel_8b_input_buf_0       |        0|  16|   7|    49|    8|     1|          392|
    |input_buf_12_U      |mlp_accel_8b_input_buf_0       |        0|  16|   7|    49|    8|     1|          392|
    |input_buf_13_U      |mlp_accel_8b_input_buf_0       |        0|  16|   7|    49|    8|     1|          392|
    |input_buf_14_U      |mlp_accel_8b_input_buf_0       |        0|  16|   7|    49|    8|     1|          392|
    |input_buf_15_U      |mlp_accel_8b_input_buf_0       |        0|  16|   7|    49|    8|     1|          392|
    |ping_buf_0_U        |mlp_accel_8b_ping_buf_0        |        0|  16|   1|     8|    8|     1|           64|
    |ping_buf_1_U        |mlp_accel_8b_ping_buf_0        |        0|  16|   1|     8|    8|     1|           64|
    |ping_buf_2_U        |mlp_accel_8b_ping_buf_0        |        0|  16|   1|     8|    8|     1|           64|
    |ping_buf_3_U        |mlp_accel_8b_ping_buf_0        |        0|  16|   1|     8|    8|     1|           64|
    |ping_buf_4_U        |mlp_accel_8b_ping_buf_0        |        0|  16|   1|     8|    8|     1|           64|
    |ping_buf_5_U        |mlp_accel_8b_ping_buf_0        |        0|  16|   1|     8|    8|     1|           64|
    |ping_buf_6_U        |mlp_accel_8b_ping_buf_0        |        0|  16|   1|     8|    8|     1|           64|
    |ping_buf_7_U        |mlp_accel_8b_ping_buf_0        |        0|  16|   1|     8|    8|     1|           64|
    |ping_buf_8_U        |mlp_accel_8b_ping_buf_0        |        0|  16|   1|     8|    8|     1|           64|
    |ping_buf_9_U        |mlp_accel_8b_ping_buf_0        |        0|  16|   1|     8|    8|     1|           64|
    |ping_buf_10_U       |mlp_accel_8b_ping_buf_0        |        0|  16|   1|     8|    8|     1|           64|
    |ping_buf_11_U       |mlp_accel_8b_ping_buf_0        |        0|  16|   1|     8|    8|     1|           64|
    |ping_buf_12_U       |mlp_accel_8b_ping_buf_0        |        0|  16|   1|     8|    8|     1|           64|
    |ping_buf_13_U       |mlp_accel_8b_ping_buf_0        |        0|  16|   1|     8|    8|     1|           64|
    |ping_buf_14_U       |mlp_accel_8b_ping_buf_0        |        0|  16|   1|     8|    8|     1|           64|
    |ping_buf_15_U       |mlp_accel_8b_ping_buf_0        |        0|  16|   1|     8|    8|     1|           64|
    |weights_l1_8b_0_U   |mlp_accel_8b_weights_l1_8b_0   |        4|   0|   0|  6272|    7|     1|        43904|
    |weights_l1_8b_1_U   |mlp_accel_8b_weights_l1_8b_1   |        4|   0|   0|  6272|    7|     1|        43904|
    |weights_l1_8b_10_U  |mlp_accel_8b_weights_l1_8b_10  |        3|   0|   0|  6272|    6|     1|        37632|
    |weights_l1_8b_11_U  |mlp_accel_8b_weights_l1_8b_11  |        4|   0|   0|  6272|    7|     1|        43904|
    |weights_l1_8b_12_U  |mlp_accel_8b_weights_l1_8b_12  |        3|   0|   0|  6272|    6|     1|        37632|
    |weights_l1_8b_13_U  |mlp_accel_8b_weights_l1_8b_13  |        4|   0|   0|  6272|    7|     1|        43904|
    |weights_l1_8b_14_U  |mlp_accel_8b_weights_l1_8b_14  |        3|   0|   0|  6272|    6|     1|        37632|
    |weights_l1_8b_15_U  |mlp_accel_8b_weights_l1_8b_15  |        3|   0|   0|  6272|    6|     1|        37632|
    |weights_l1_8b_2_U   |mlp_accel_8b_weights_l1_8b_2   |        4|   0|   0|  6272|    7|     1|        43904|
    |weights_l1_8b_3_U   |mlp_accel_8b_weights_l1_8b_3   |        3|   0|   0|  6272|    6|     1|        37632|
    |weights_l1_8b_4_U   |mlp_accel_8b_weights_l1_8b_4   |        3|   0|   0|  6272|    6|     1|        37632|
    |weights_l1_8b_5_U   |mlp_accel_8b_weights_l1_8b_5   |        4|   0|   0|  6272|    7|     1|        43904|
    |weights_l1_8b_6_U   |mlp_accel_8b_weights_l1_8b_6   |        4|   0|   0|  6272|    7|     1|        43904|
    |weights_l1_8b_7_U   |mlp_accel_8b_weights_l1_8b_7   |        4|   0|   0|  6272|    7|     1|        43904|
    |weights_l1_8b_8_U   |mlp_accel_8b_weights_l1_8b_8   |        3|   0|   0|  6272|    6|     1|        37632|
    |weights_l1_8b_9_U   |mlp_accel_8b_weights_l1_8b_9   |        4|   0|   0|  6272|    7|     1|        43904|
    |weights_l2_8b_0_U   |mlp_accel_8b_weights_l2_8b_0   |        1|   0|   0|   512|    7|     1|         3584|
    |weights_l2_8b_1_U   |mlp_accel_8b_weights_l2_8b_1   |        1|   0|   0|   512|    7|     1|         3584|
    |weights_l2_8b_10_U  |mlp_accel_8b_weights_l2_8b_10  |        1|   0|   0|   512|    6|     1|         3072|
    |weights_l2_8b_11_U  |mlp_accel_8b_weights_l2_8b_11  |        1|   0|   0|   512|    6|     1|         3072|
    |weights_l2_8b_12_U  |mlp_accel_8b_weights_l2_8b_12  |        1|   0|   0|   512|    7|     1|         3584|
    |weights_l2_8b_13_U  |mlp_accel_8b_weights_l2_8b_13  |        1|   0|   0|   512|    6|     1|         3072|
    |weights_l2_8b_14_U  |mlp_accel_8b_weights_l2_8b_14  |        1|   0|   0|   512|    7|     1|         3584|
    |weights_l2_8b_15_U  |mlp_accel_8b_weights_l2_8b_15  |        1|   0|   0|   512|    6|     1|         3072|
    |weights_l2_8b_2_U   |mlp_accel_8b_weights_l2_8b_2   |        1|   0|   0|   512|    6|     1|         3072|
    |weights_l2_8b_3_U   |mlp_accel_8b_weights_l2_8b_3   |        1|   0|   0|   512|    6|     1|         3072|
    |weights_l2_8b_4_U   |mlp_accel_8b_weights_l2_8b_4   |        1|   0|   0|   512|    6|     1|         3072|
    |weights_l2_8b_5_U   |mlp_accel_8b_weights_l2_8b_5   |        1|   0|   0|   512|    6|     1|         3072|
    |weights_l2_8b_6_U   |mlp_accel_8b_weights_l2_8b_6   |        1|   0|   0|   512|    7|     1|         3584|
    |weights_l2_8b_7_U   |mlp_accel_8b_weights_l2_8b_7   |        1|   0|   0|   512|    6|     1|         3072|
    |weights_l2_8b_8_U   |mlp_accel_8b_weights_l2_8b_8   |        1|   0|   0|   512|    6|     1|         3072|
    |weights_l2_8b_9_U   |mlp_accel_8b_weights_l2_8b_9   |        1|   0|   0|   512|    6|     1|         3072|
    |weights_l3_8b_0_U   |mlp_accel_8b_weights_l3_8b_0   |        0|   7|   5|    40|    7|     1|          280|
    |weights_l3_8b_1_U   |mlp_accel_8b_weights_l3_8b_1   |        0|   7|   5|    40|    7|     1|          280|
    |weights_l3_8b_10_U  |mlp_accel_8b_weights_l3_8b_10  |        0|   6|   4|    40|    6|     1|          240|
    |weights_l3_8b_11_U  |mlp_accel_8b_weights_l3_8b_11  |        0|   6|   4|    40|    6|     1|          240|
    |weights_l3_8b_12_U  |mlp_accel_8b_weights_l3_8b_12  |        0|   6|   4|    40|    6|     1|          240|
    |weights_l3_8b_13_U  |mlp_accel_8b_weights_l3_8b_13  |        0|   6|   4|    40|    6|     1|          240|
    |weights_l3_8b_14_U  |mlp_accel_8b_weights_l3_8b_14  |        0|   6|   4|    40|    6|     1|          240|
    |weights_l3_8b_15_U  |mlp_accel_8b_weights_l3_8b_15  |        0|   6|   4|    40|    6|     1|          240|
    |weights_l3_8b_2_U   |mlp_accel_8b_weights_l3_8b_2   |        0|   7|   5|    40|    7|     1|          280|
    |weights_l3_8b_3_U   |mlp_accel_8b_weights_l3_8b_3   |        0|   6|   4|    40|    6|     1|          240|
    |weights_l3_8b_4_U   |mlp_accel_8b_weights_l3_8b_4   |        0|   7|   5|    40|    7|     1|          280|
    |weights_l3_8b_5_U   |mlp_accel_8b_weights_l3_8b_5   |        0|   6|   4|    40|    6|     1|          240|
    |weights_l3_8b_6_U   |mlp_accel_8b_weights_l3_8b_6   |        0|   7|   5|    40|    7|     1|          280|
    |weights_l3_8b_7_U   |mlp_accel_8b_weights_l3_8b_7   |        0|   7|   5|    40|    7|     1|          280|
    |weights_l3_8b_8_U   |mlp_accel_8b_weights_l3_8b_8   |        0|   7|   5|    40|    7|     1|          280|
    |weights_l3_8b_9_U   |mlp_accel_8b_weights_l3_8b_9   |        0|   7|   5|    40|    7|     1|          280|
    +--------------------+-------------------------------+---------+----+----+------+-----+------+-------------+
    |Total               |                               |       73| 616| 200|110096|  566|    80|       721728|
    +--------------------+-------------------------------+---------+----+----+------+-----+------+-------------+

    * FIFO: 
    N/A

    * Expression: 
    +--------------------------------+----------+-------+---+----+------------+------------+
    |          Variable Name         | Operation| DSP48E| FF| LUT| Bitwidth P0| Bitwidth P1|
    +--------------------------------+----------+-------+---+----+------------+------------+
    |grp_fu_6266_p2                  |     *    |      0|  0|  41|           7|           8|
    |grp_fu_6274_p2                  |     *    |      0|  0|  41|           7|           8|
    |grp_fu_6289_p2                  |     *    |      0|  0|  41|           7|           8|
    |grp_fu_6297_p2                  |     *    |      0|  0|  41|           7|           8|
    |grp_fu_6305_p2                  |     *    |      0|  0|  41|           7|           8|
    |grp_fu_6313_p2                  |     *    |      0|  0|  41|           7|           8|
    |grp_fu_6321_p2                  |     *    |      0|  0|  41|           6|           8|
    |grp_fu_6329_p2                  |     *    |      0|  0|  41|           7|           8|
    |grp_fu_6337_p2                  |     *    |      0|  0|  41|           6|           8|
    |grp_fu_6345_p2                  |     *    |      0|  0|  41|           6|           8|
    |grp_fu_6360_p2                  |     *    |      0|  0|  41|           6|           8|
    |grp_fu_6383_p2                  |     *    |      0|  0|  41|           7|           8|
    |grp_fu_6423_p2                  |     *    |      0|  0|  41|           7|           8|
    |grp_fu_6431_p2                  |     *    |      0|  0|  41|           6|           8|
    |tmp_36_5_fu_2740_p2             |     *    |      0|  0|  41|           7|           8|
    |tmp_37_fu_5283_p2               |     *    |      0|  0|  41|           7|           8|
    |tmp_44_11_fu_3201_p2            |     *    |      0|  0|  41|           7|           8|
    |tmp_44_6_fu_3187_p2             |     *    |      0|  0|  41|           7|           8|
    |tmp_44_s_fu_3296_p2             |     *    |      0|  0|  41|           6|           8|
    |tmp_54_11_fu_5339_p2            |     *    |      0|  0|  41|           6|           8|
    |tmp_54_13_fu_5353_p2            |     *    |      0|  0|  41|           6|           8|
    |tmp_54_2_fu_5297_p2             |     *    |      0|  0|  41|           7|           8|
    |tmp_54_4_fu_5311_p2             |     *    |      0|  0|  41|           7|           8|
    |tmp_54_6_fu_5325_p2             |     *    |      0|  0|  41|           7|           8|
    |acc_1_fu_3421_p2                |     +    |      0|  0|  27|          20|          20|
    |acc_2_fu_5678_p2                |     +    |      0|  0|  27|          20|          20|
    |acc_fu_2976_p2                  |     +    |      0|  0|  30|          23|          23|
    |b_1_fu_2486_p2                  |     +    |      0|  0|  15|           6|           1|
    |b_2_fu_2684_p2                  |     +    |      0|  0|  15|           6|           1|
    |b_3_fu_3132_p2                  |     +    |      0|  0|  13|           4|           1|
    |b_4_fu_5087_p2                  |     +    |      0|  0|  12|           1|           3|
    |i_1_fu_6238_p2                  |     +    |      0|  0|  13|           4|           1|
    |indvar_flatten_next_fu_5007_p2  |     +    |      0|  0|  15|           1|           6|
    |n_1_fu_2672_p2                  |     +    |      0|  0|  15|           8|           1|
    |n_2_fu_3108_p2                  |     +    |      0|  0|  15|           7|           1|
    |n_3_fu_5013_p2                  |     +    |      0|  0|  13|           1|           4|
    |next_mul_fu_2660_p2             |     +    |      0|  0|  17|          13|           6|
    |tmp21_fu_2892_p2                |     +    |      0|  0|  23|          16|          16|
    |tmp24_fu_2908_p2                |     +    |      0|  0|  23|          16|          16|
    |tmp25_fu_2918_p2                |     +    |      0|  0|  24|          17|          17|
    |tmp28_fu_2934_p2                |     +    |      0|  0|  23|          16|          16|
    |tmp31_fu_2947_p2                |     +    |      0|  0|  21|          15|          15|
    |tmp32_fu_2956_p2                |     +    |      0|  0|  24|          17|          17|
    |tmp45_fu_5465_p2                |     +    |      0|  0|  23|          16|          16|
    |tmp48_fu_5481_p2                |     +    |      0|  0|  23|          16|          16|
    |tmp49_fu_5491_p2                |     +    |      0|  0|  24|          17|          17|
    |tmp53_fu_3345_p2                |     +    |      0|  0|  21|          15|          15|
    |tmp56_fu_3358_p2                |     +    |      0|  0|  21|          15|          15|
    |tmp57_fu_3367_p2                |     +    |      0|  0|  23|          16|          16|
    |tmp60_fu_3380_p2                |     +    |      0|  0|  21|          15|          15|
    |tmp63_fu_3392_p2                |     +    |      0|  0|  21|          15|          15|
    |tmp64_fu_3401_p2                |     +    |      0|  0|  23|          16|          16|
    |tmp66_fu_5649_p2                |     +    |      0|  0|  16|          16|          16|
    |tmp69_fu_5503_p2                |     +    |      0|  0|  21|          15|          15|
    |tmp70_fu_5658_p2                |     +    |      0|  0|  16|          16|          16|
    |tmp_12_fu_3427_p2               |     +    |      0|  0|  27|           6|          20|
    |tmp_20_fu_2706_p2               |     +    |      0|  0|  17|          13|          13|
    |tmp_24_dup_fu_5509_p2           |     +    |      0|  0|  27|           6|          20|
    |tmp_24_fu_2966_p2               |     +    |      0|  0|  25|          18|          18|
    |tmp_27_fu_5057_p2               |     +    |      0|  0|  15|           7|           7|
    |tmp_56_fu_5668_p2               |     +    |      0|  0|  25|          18|          18|
    |tmp_57_fu_3154_p2               |     +    |      0|  0|  13|          11|          11|
    |tmp_58_fu_3411_p2               |     +    |      0|  0|  24|          17|          17|
    |tmp_9_fu_2982_p2                |     +    |      0|  0|  30|           6|          23|
    |exitcond1_fu_2480_p2            |   icmp   |      0|  0|  11|           6|           5|
    |exitcond2_fu_5019_p2            |   icmp   |      0|  0|   9|           3|           4|
    |exitcond5_fu_3126_p2            |   icmp   |      0|  0|  11|           4|           5|
    |exitcond6_fu_3102_p2            |   icmp   |      0|  0|  11|           7|           8|
    |exitcond8_fu_2678_p2            |   icmp   |      0|  0|  11|           6|           5|
    |exitcond9_fu_2666_p2            |   icmp   |      0|  0|  13|           8|           9|
    |exitcond_flatten_fu_5001_p2     |   icmp   |      0|  0|  11|           6|           6|
    |exitcond_fu_6232_p2             |   icmp   |      0|  0|   9|           4|           4|
    |icmp1_fu_5535_p2                |   icmp   |      0|  0|  11|           7|           1|
    |icmp2_fu_3459_p2                |   icmp   |      0|  0|  11|           7|           1|
    |icmp_fu_3014_p2                 |   icmp   |      0|  0|  13|          10|           1|
    |sel_tmp10_dup_fu_5609_p2        |   icmp   |      0|  0|   9|           4|           2|
    |sel_tmp12_dup_fu_5615_p2        |   icmp   |      0|  0|   9|           4|           2|
    |sel_tmp14_dup_fu_5621_p2        |   icmp   |      0|  0|   9|           4|           1|
    |sel_tmp16_dup_fu_5627_p2        |   icmp   |      0|  0|   9|           4|           1|
    |sel_tmp2_dup_fu_5585_p2         |   icmp   |      0|  0|   9|           4|           3|
    |sel_tmp4_dup_fu_5591_p2         |   icmp   |      0|  0|   9|           4|           3|
    |sel_tmp6_dup_fu_5597_p2         |   icmp   |      0|  0|   9|           4|           3|
    |sel_tmp8_dup_fu_5603_p2         |   icmp   |      0|  0|   9|           4|           3|
    |sel_tmp_dup_fu_5579_p2          |   icmp   |      0|  0|  11|           4|           5|
    |tmp_13_fu_3443_p2               |   icmp   |      0|  0|  13|          14|           1|
    |tmp_34_dup_fu_5541_p2           |   icmp   |      0|  0|  13|          14|           9|
    |tmp_48_fu_3511_p2               |   icmp   |      0|  0|   9|           2|           3|
    |tmp_49_fu_3517_p2               |   icmp   |      0|  0|   8|           2|           1|
    |tmp_50_fu_3523_p2               |   icmp   |      0|  0|   8|           2|           1|
    |tmp_s_fu_2998_p2                |   icmp   |      0|  0|  18|          17|           1|
    |tmp_16_fu_3038_p2               |    or    |      0|  0|   2|           1|           1|
    |tmp_47_fu_3483_p2               |    or    |      0|  0|   2|           1|           1|
    |tmp_4_10_fu_2610_p2             |    or    |      0|  0|  10|          10|           4|
    |tmp_4_11_fu_2620_p2             |    or    |      0|  0|  10|          10|           4|
    |tmp_4_12_fu_2630_p2             |    or    |      0|  0|  10|          10|           4|
    |tmp_4_13_fu_2640_p2             |    or    |      0|  0|  10|          10|           4|
    |tmp_4_14_fu_2650_p2             |    or    |      0|  0|  10|          10|           4|
    |tmp_4_1_fu_2520_p2              |    or    |      0|  0|  10|          10|           2|
    |tmp_4_2_fu_2530_p2              |    or    |      0|  0|  10|          10|           2|
    |tmp_4_3_fu_2540_p2              |    or    |      0|  0|  10|          10|           3|
    |tmp_4_4_fu_2550_p2              |    or    |      0|  0|  10|          10|           3|
    |tmp_4_5_fu_2560_p2              |    or    |      0|  0|  10|          10|           3|
    |tmp_4_6_fu_2570_p2              |    or    |      0|  0|  10|          10|           3|
    |tmp_4_7_fu_2580_p2              |    or    |      0|  0|  10|          10|           4|
    |tmp_4_8_fu_2590_p2              |    or    |      0|  0|  10|          10|           4|
    |tmp_4_9_fu_2600_p2              |    or    |      0|  0|  10|          10|           4|
    |tmp_4_s_fu_2510_p2              |    or    |      0|  0|  10|          10|           1|
    |tmp_69_dup_fu_5565_p2           |    or    |      0|  0|   2|           1|           1|
    |acc_assign_2_mid2_fu_5633_p3    |  select  |      0|  0|  20|           1|           1|
    |b2_mid2_fu_5025_p3              |  select  |      0|  0|   3|           1|           1|
    |out_buf_8_mid2_fu_6119_p3       |  select  |      0|  0|   8|           1|           8|
    |out_buf_9_10_fu_5727_p3         |  select  |      0|  0|   8|           1|           8|
    |out_buf_9_11_fu_5734_p3         |  select  |      0|  0|   8|           1|           8|
    |out_buf_9_12_fu_5741_p3         |  select  |      0|  0|   8|           1|           8|
    |out_buf_9_13_fu_5748_p3         |  select  |      0|  0|   8|           1|           8|
    |out_buf_9_14_fu_5755_p3         |  select  |      0|  0|   8|           1|           8|
    |out_buf_9_15_fu_5762_p3         |  select  |      0|  0|   8|           1|           8|
    |out_buf_9_16_fu_5769_p3         |  select  |      0|  0|   8|           1|           8|
    |out_buf_9_17_fu_5776_p3         |  select  |      0|  0|   8|           1|           8|
    |out_buf_9_18_fu_5782_p3         |  select  |      0|  0|   8|           1|           8|
    |out_buf_9_18_mid2_fu_6126_p3    |  select  |      0|  0|   8|           1|           8|
    |out_buf_9_19_fu_5789_p3         |  select  |      0|  0|   8|           1|           8|
    |out_buf_9_20_fu_5796_p3         |  select  |      0|  0|   8|           1|           8|
    |out_buf_9_21_fu_5803_p3         |  select  |      0|  0|   8|           1|           8|
    |out_buf_9_22_fu_5810_p3         |  select  |      0|  0|   8|           1|           8|
    |out_buf_9_23_fu_5817_p3         |  select  |      0|  0|   8|           1|           8|
    |out_buf_9_24_fu_5824_p3         |  select  |      0|  0|   8|           1|           8|
    |out_buf_9_25_fu_5831_p3         |  select  |      0|  0|   8|           1|           8|
    |out_buf_9_26_fu_5838_p3         |  select  |      0|  0|   8|           1|           8|
    |out_buf_9_27_fu_5844_p3         |  select  |      0|  0|   8|           1|           8|
    |out_buf_9_27_mid2_fu_6133_p3    |  select  |      0|  0|   8|           1|           8|
    |out_buf_9_28_fu_5851_p3         |  select  |      0|  0|   8|           1|           8|
    |out_buf_9_29_fu_5858_p3         |  select  |      0|  0|   8|           1|           8|
    |out_buf_9_30_fu_5865_p3         |  select  |      0|  0|   8|           1|           8|
    |out_buf_9_31_fu_5872_p3         |  select  |      0|  0|   8|           1|           8|
    |out_buf_9_32_fu_5879_p3         |  select  |      0|  0|   8|           1|           8|
    |out_buf_9_33_fu_5886_p3         |  select  |      0|  0|   8|           1|           8|
    |out_buf_9_34_fu_5893_p3         |  select  |      0|  0|   8|           1|           8|
    |out_buf_9_35_fu_5899_p3         |  select  |      0|  0|   8|           1|           8|
    |out_buf_9_35_mid2_fu_6140_p3    |  select  |      0|  0|   8|           1|           8|
    |out_buf_9_36_fu_5906_p3         |  select  |      0|  0|   8|           1|           8|
    |out_buf_9_37_fu_5913_p3         |  select  |      0|  0|   8|           1|           8|
    |out_buf_9_38_fu_5920_p3         |  select  |      0|  0|   8|           1|           8|
    |out_buf_9_39_fu_5927_p3         |  select  |      0|  0|   8|           1|           8|
    |out_buf_9_40_fu_5934_p3         |  select  |      0|  0|   8|           1|           8|
    |out_buf_9_41_fu_5941_p3         |  select  |      0|  0|   8|           1|           8|
    |out_buf_9_42_fu_5947_p3         |  select  |      0|  0|   8|           1|           8|
    |out_buf_9_42_mid2_fu_6147_p3    |  select  |      0|  0|   8|           1|           8|
    |out_buf_9_43_fu_5954_p3         |  select  |      0|  0|   8|           1|           8|
    |out_buf_9_44_fu_5961_p3         |  select  |      0|  0|   8|           1|           8|
    |out_buf_9_45_fu_5968_p3         |  select  |      0|  0|   8|           1|           8|
    |out_buf_9_46_fu_5975_p3         |  select  |      0|  0|   8|           1|           8|
    |out_buf_9_47_fu_5982_p3         |  select  |      0|  0|   8|           1|           8|
    |out_buf_9_48_fu_5988_p3         |  select  |      0|  0|   8|           1|           8|
    |out_buf_9_48_mid2_fu_6154_p3    |  select  |      0|  0|   8|           1|           8|
    |out_buf_9_49_fu_5995_p3         |  select  |      0|  0|   8|           1|           8|
    |out_buf_9_50_fu_6002_p3         |  select  |      0|  0|   8|           1|           8|
    |out_buf_9_51_fu_6009_p3         |  select  |      0|  0|   8|           1|           8|
    |out_buf_9_52_fu_6016_p3         |  select  |      0|  0|   8|           1|           8|
    |out_buf_9_53_fu_6022_p3         |  select  |      0|  0|   8|           1|           8|
    |out_buf_9_53_mid2_fu_6161_p3    |  select  |      0|  0|   8|           1|           8|
    |out_buf_9_54_fu_6029_p3         |  select  |      0|  0|   8|           1|           8|
    |out_buf_9_55_fu_6036_p3         |  select  |      0|  0|   8|           1|           8|
    |out_buf_9_56_fu_6043_p3         |  select  |      0|  0|   8|           1|           8|
    |out_buf_9_57_fu_6049_p3         |  select  |      0|  0|   8|           1|           8|
    |out_buf_9_57_mid2_fu_6168_p3    |  select  |      0|  0|   8|           1|           8|
    |out_buf_9_58_fu_6056_p3         |  select  |      0|  0|   8|           1|           8|
    |out_buf_9_59_fu_6063_p3         |  select  |      0|  0|   8|           1|           8|
    |out_buf_9_60_fu_6069_p3         |  select  |      0|  0|   8|           1|           8|
    |out_buf_9_60_mid2_fu_6175_p3    |  select  |      0|  0|   8|           1|           8|
    |out_buf_9_61_fu_6076_p3         |  select  |      0|  0|   8|           1|           8|
    |out_buf_9_64_fu_5571_p3         |  select  |      0|  0|   8|           1|           8|
    |out_buf_9_9_fu_5720_p3          |  select  |      0|  0|   8|           1|           8|
    |out_buf_9_fu_5714_p3            |  select  |      0|  0|   8|           1|           8|
    |out_buf_9_mid2_fu_6112_p3       |  select  |      0|  0|   8|           1|           8|
    |p_i1_cast_fu_3030_p3            |  select  |      0|  0|   7|           1|           1|
    |p_i2_dup_fu_5557_p3             |  select  |      0|  0|   9|           1|           7|
    |p_i_cast_fu_3475_p3             |  select  |      0|  0|   7|           1|           1|
    |pong_buf_0_3_fu_3489_p3         |  select  |      0|  0|   8|           1|           8|
    |pong_buf_15_3_209_fu_4973_p3    |  select  |      0|  0|   8|           1|           8|
    |pong_buf_15_3_210_fu_4817_p3    |  select  |      0|  0|   8|           1|           8|
    |pong_buf_15_3_211_fu_4825_p3    |  select  |      0|  0|   8|           1|           8|
    |pong_buf_15_3_212_fu_4833_p3    |  select  |      0|  0|   8|           1|           8|
    |pong_buf_15_3_213_fu_4841_p3    |  select  |      0|  0|   8|           1|           8|
    |pong_buf_15_3_214_fu_4849_p3    |  select  |      0|  0|   8|           1|           8|
    |pong_buf_15_3_215_fu_4857_p3    |  select  |      0|  0|   8|           1|           8|
    |pong_buf_15_3_216_fu_4865_p3    |  select  |      0|  0|   8|           1|           8|
    |pong_buf_15_3_217_fu_4873_p3    |  select  |      0|  0|   8|           1|           8|
    |pong_buf_15_3_218_fu_4881_p3    |  select  |      0|  0|   8|           1|           8|
    |pong_buf_15_3_219_fu_4725_p3    |  select  |      0|  0|   8|           1|           8|
    |pong_buf_15_3_220_fu_4733_p3    |  select  |      0|  0|   8|           1|           8|
    |pong_buf_15_3_221_fu_4741_p3    |  select  |      0|  0|   8|           1|           8|
    |pong_buf_15_3_222_fu_4749_p3    |  select  |      0|  0|   8|           1|           8|
    |pong_buf_15_3_223_fu_4757_p3    |  select  |      0|  0|   8|           1|           8|
    |pong_buf_15_3_224_fu_4765_p3    |  select  |      0|  0|   8|           1|           8|
    |pong_buf_15_3_225_fu_4773_p3    |  select  |      0|  0|   8|           1|           8|
    |pong_buf_15_3_226_fu_4781_p3    |  select  |      0|  0|   8|           1|           8|
    |pong_buf_15_3_227_fu_4789_p3    |  select  |      0|  0|   8|           1|           8|
    |pong_buf_15_3_228_fu_4633_p3    |  select  |      0|  0|   8|           1|           8|
    |pong_buf_15_3_229_fu_4641_p3    |  select  |      0|  0|   8|           1|           8|
    |pong_buf_15_3_230_fu_4649_p3    |  select  |      0|  0|   8|           1|           8|
    |pong_buf_15_3_231_fu_4657_p3    |  select  |      0|  0|   8|           1|           8|
    |pong_buf_15_3_232_fu_4665_p3    |  select  |      0|  0|   8|           1|           8|
    |pong_buf_15_3_233_fu_4673_p3    |  select  |      0|  0|   8|           1|           8|
    |pong_buf_15_3_234_fu_4681_p3    |  select  |      0|  0|   8|           1|           8|
    |pong_buf_15_3_235_fu_4689_p3    |  select  |      0|  0|   8|           1|           8|
    |pong_buf_15_3_236_fu_4697_p3    |  select  |      0|  0|   8|           1|           8|
    |pong_buf_15_3_237_fu_4541_p3    |  select  |      0|  0|   8|           1|           8|
    |pong_buf_15_3_238_fu_4549_p3    |  select  |      0|  0|   8|           1|           8|
    |pong_buf_15_3_239_fu_4557_p3    |  select  |      0|  0|   8|           1|           8|
    |pong_buf_15_3_240_fu_4565_p3    |  select  |      0|  0|   8|           1|           8|
    |pong_buf_15_3_241_fu_4573_p3    |  select  |      0|  0|   8|           1|           8|
    |pong_buf_15_3_242_fu_4581_p3    |  select  |      0|  0|   8|           1|           8|
    |pong_buf_15_3_243_fu_4589_p3    |  select  |      0|  0|   8|           1|           8|
    |pong_buf_15_3_244_fu_4597_p3    |  select  |      0|  0|   8|           1|           8|
    |pong_buf_15_3_245_fu_4605_p3    |  select  |      0|  0|   8|           1|           8|
    |pong_buf_15_3_246_fu_4449_p3    |  select  |      0|  0|   8|           1|           8|
    |pong_buf_15_3_247_fu_4457_p3    |  select  |      0|  0|   8|           1|           8|
    |pong_buf_15_3_248_fu_4465_p3    |  select  |      0|  0|   8|           1|           8|
    |pong_buf_15_3_249_fu_4473_p3    |  select  |      0|  0|   8|           1|           8|
    |pong_buf_15_3_250_fu_4481_p3    |  select  |      0|  0|   8|           1|           8|
    |pong_buf_15_3_251_fu_4489_p3    |  select  |      0|  0|   8|           1|           8|
    |pong_buf_15_3_252_fu_4497_p3    |  select  |      0|  0|   8|           1|           8|
    |pong_buf_15_3_253_fu_4505_p3    |  select  |      0|  0|   8|           1|           8|
    |pong_buf_15_3_254_fu_4513_p3    |  select  |      0|  0|   8|           1|           8|
    |pong_buf_15_3_255_fu_4357_p3    |  select  |      0|  0|   8|           1|           8|
    |pong_buf_15_3_256_fu_4365_p3    |  select  |      0|  0|   8|           1|           8|
    |pong_buf_15_3_257_fu_4373_p3    |  select  |      0|  0|   8|           1|           8|
    |pong_buf_15_3_258_fu_4381_p3    |  select  |      0|  0|   8|           1|           8|
    |pong_buf_15_3_259_fu_4389_p3    |  select  |      0|  0|   8|           1|           8|
    |pong_buf_15_3_260_fu_4397_p3    |  select  |      0|  0|   8|           1|           8|
    |pong_buf_15_3_261_fu_4405_p3    |  select  |      0|  0|   8|           1|           8|
    |pong_buf_15_3_262_fu_4413_p3    |  select  |      0|  0|   8|           1|           8|
    |pong_buf_15_3_263_fu_4421_p3    |  select  |      0|  0|   8|           1|           8|
    |pong_buf_15_3_264_fu_4265_p3    |  select  |      0|  0|   8|           1|           8|
    |pong_buf_15_3_265_fu_4273_p3    |  select  |      0|  0|   8|           1|           8|
    |pong_buf_15_3_266_fu_4281_p3    |  select  |      0|  0|   8|           1|           8|
    |pong_buf_15_3_267_fu_4289_p3    |  select  |      0|  0|   8|           1|           8|
    |pong_buf_15_3_268_fu_4297_p3    |  select  |      0|  0|   8|           1|           8|
    |pong_buf_15_3_269_fu_4305_p3    |  select  |      0|  0|   8|           1|           8|
    |pong_buf_15_3_270_fu_4313_p3    |  select  |      0|  0|   8|           1|           8|
    |pong_buf_15_3_271_fu_4321_p3    |  select  |      0|  0|   8|           1|           8|
    |pong_buf_15_3_272_fu_4329_p3    |  select  |      0|  0|   8|           1|           8|
    |pong_buf_15_3_273_fu_4173_p3    |  select  |      0|  0|   8|           1|           8|
    |pong_buf_15_3_274_fu_4181_p3    |  select  |      0|  0|   8|           1|           8|
    |pong_buf_15_3_275_fu_4189_p3    |  select  |      0|  0|   8|           1|           8|
    |pong_buf_15_3_276_fu_4197_p3    |  select  |      0|  0|   8|           1|           8|
    |pong_buf_15_3_277_fu_4205_p3    |  select  |      0|  0|   8|           1|           8|
    |pong_buf_15_3_278_fu_4213_p3    |  select  |      0|  0|   8|           1|           8|
    |pong_buf_15_3_279_fu_4221_p3    |  select  |      0|  0|   8|           1|           8|
    |pong_buf_15_3_280_fu_4229_p3    |  select  |      0|  0|   8|           1|           8|
    |pong_buf_15_3_281_fu_4237_p3    |  select  |      0|  0|   8|           1|           8|
    |pong_buf_15_3_282_fu_4081_p3    |  select  |      0|  0|   8|           1|           8|
    |pong_buf_15_3_283_fu_4089_p3    |  select  |      0|  0|   8|           1|           8|
    |pong_buf_15_3_284_fu_4097_p3    |  select  |      0|  0|   8|           1|           8|
    |pong_buf_15_3_285_fu_4105_p3    |  select  |      0|  0|   8|           1|           8|
    |pong_buf_15_3_286_fu_4113_p3    |  select  |      0|  0|   8|           1|           8|
    |pong_buf_15_3_287_fu_4121_p3    |  select  |      0|  0|   8|           1|           8|
    |pong_buf_15_3_288_fu_4129_p3    |  select  |      0|  0|   8|           1|           8|
    |pong_buf_15_3_289_fu_4137_p3    |  select  |      0|  0|   8|           1|           8|
    |pong_buf_15_3_290_fu_4145_p3    |  select  |      0|  0|   8|           1|           8|
    |pong_buf_15_3_291_fu_3989_p3    |  select  |      0|  0|   8|           1|           8|
    |pong_buf_15_3_292_fu_3997_p3    |  select  |      0|  0|   8|           1|           8|
    |pong_buf_15_3_293_fu_4005_p3    |  select  |      0|  0|   8|           1|           8|
    |pong_buf_15_3_294_fu_4013_p3    |  select  |      0|  0|   8|           1|           8|
    |pong_buf_15_3_295_fu_4021_p3    |  select  |      0|  0|   8|           1|           8|
    |pong_buf_15_3_296_fu_4029_p3    |  select  |      0|  0|   8|           1|           8|
    |pong_buf_15_3_297_fu_4037_p3    |  select  |      0|  0|   8|           1|           8|
    |pong_buf_15_3_298_fu_4045_p3    |  select  |      0|  0|   8|           1|           8|
    |pong_buf_15_3_299_fu_4053_p3    |  select  |      0|  0|   8|           1|           8|
    |pong_buf_15_3_2_fu_4925_p3      |  select  |      0|  0|   8|           1|           8|
    |pong_buf_15_3_300_fu_3897_p3    |  select  |      0|  0|   8|           1|           8|
    |pong_buf_15_3_301_fu_3905_p3    |  select  |      0|  0|   8|           1|           8|
    |pong_buf_15_3_302_fu_3913_p3    |  select  |      0|  0|   8|           1|           8|
    |pong_buf_15_3_303_fu_3921_p3    |  select  |      0|  0|   8|           1|           8|
    |pong_buf_15_3_304_fu_3929_p3    |  select  |      0|  0|   8|           1|           8|
    |pong_buf_15_3_305_fu_3937_p3    |  select  |      0|  0|   8|           1|           8|
    |pong_buf_15_3_306_fu_3945_p3    |  select  |      0|  0|   8|           1|           8|
    |pong_buf_15_3_307_fu_3953_p3    |  select  |      0|  0|   8|           1|           8|
    |pong_buf_15_3_308_fu_3961_p3    |  select  |      0|  0|   8|           1|           8|
    |pong_buf_15_3_309_fu_3805_p3    |  select  |      0|  0|   8|           1|           8|
    |pong_buf_15_3_310_fu_3813_p3    |  select  |      0|  0|   8|           1|           8|
    |pong_buf_15_3_311_fu_3821_p3    |  select  |      0|  0|   8|           1|           8|
    |pong_buf_15_3_312_fu_3829_p3    |  select  |      0|  0|   8|           1|           8|
    |pong_buf_15_3_313_fu_3837_p3    |  select  |      0|  0|   8|           1|           8|
    |pong_buf_15_3_314_fu_3845_p3    |  select  |      0|  0|   8|           1|           8|
    |pong_buf_15_3_315_fu_3853_p3    |  select  |      0|  0|   8|           1|           8|
    |pong_buf_15_3_316_fu_3861_p3    |  select  |      0|  0|   8|           1|           8|
    |pong_buf_15_3_317_fu_3869_p3    |  select  |      0|  0|   8|           1|           8|
    |pong_buf_15_3_318_fu_3713_p3    |  select  |      0|  0|   8|           1|           8|
    |pong_buf_15_3_319_fu_3721_p3    |  select  |      0|  0|   8|           1|           8|
    |pong_buf_15_3_320_fu_3729_p3    |  select  |      0|  0|   8|           1|           8|
    |pong_buf_15_3_321_fu_3737_p3    |  select  |      0|  0|   8|           1|           8|
    |pong_buf_15_3_322_fu_3745_p3    |  select  |      0|  0|   8|           1|           8|
    |pong_buf_15_3_323_fu_3753_p3    |  select  |      0|  0|   8|           1|           8|
    |pong_buf_15_3_324_fu_3761_p3    |  select  |      0|  0|   8|           1|           8|
    |pong_buf_15_3_325_fu_3769_p3    |  select  |      0|  0|   8|           1|           8|
    |pong_buf_15_3_326_fu_3777_p3    |  select  |      0|  0|   8|           1|           8|
    |pong_buf_15_3_327_fu_3621_p3    |  select  |      0|  0|   8|           1|           8|
    |pong_buf_15_3_328_fu_3629_p3    |  select  |      0|  0|   8|           1|           8|
    |pong_buf_15_3_329_fu_3637_p3    |  select  |      0|  0|   8|           1|           8|
    |pong_buf_15_3_330_fu_3645_p3    |  select  |      0|  0|   8|           1|           8|
    |pong_buf_15_3_331_fu_3653_p3    |  select  |      0|  0|   8|           1|           8|
    |pong_buf_15_3_332_fu_3661_p3    |  select  |      0|  0|   8|           1|           8|
    |pong_buf_15_3_333_fu_3669_p3    |  select  |      0|  0|   8|           1|           8|
    |pong_buf_15_3_334_fu_3677_p3    |  select  |      0|  0|   8|           1|           8|
    |pong_buf_15_3_335_fu_3685_p3    |  select  |      0|  0|   8|           1|           8|
    |pong_buf_15_3_336_fu_3529_p3    |  select  |      0|  0|   8|           1|           8|
    |pong_buf_15_3_337_fu_3537_p3    |  select  |      0|  0|   8|           1|           8|
    |pong_buf_15_3_338_fu_3545_p3    |  select  |      0|  0|   8|           1|           8|
    |pong_buf_15_3_339_fu_3553_p3    |  select  |      0|  0|   8|           1|           8|
    |pong_buf_15_3_340_fu_3561_p3    |  select  |      0|  0|   8|           1|           8|
    |pong_buf_15_3_341_fu_3569_p3    |  select  |      0|  0|   8|           1|           8|
    |pong_buf_15_3_342_fu_3577_p3    |  select  |      0|  0|   8|           1|           8|
    |pong_buf_15_3_343_fu_3585_p3    |  select  |      0|  0|   8|           1|           8|
    |pong_buf_15_3_344_fu_3593_p3    |  select  |      0|  0|   8|           1|           8|
    |pong_buf_15_3_3_fu_4917_p3      |  select  |      0|  0|   8|           1|           8|
    |pong_buf_15_3_4_fu_4933_p3      |  select  |      0|  0|   8|           1|           8|
    |pong_buf_15_3_5_fu_4941_p3      |  select  |      0|  0|   8|           1|           8|
    |pong_buf_15_3_6_fu_4949_p3      |  select  |      0|  0|   8|           1|           8|
    |pong_buf_15_3_8_fu_4957_p3      |  select  |      0|  0|   8|           1|           8|
    |pong_buf_15_3_9_fu_4965_p3      |  select  |      0|  0|   8|           1|           8|
    |pong_buf_15_3_fu_4909_p3        |  select  |      0|  0|   8|           1|           8|
    |tmp_11_mid2_v_fu_5033_p3        |  select  |      0|  0|   4|           1|           4|
    |tmp_15_fu_3044_p3               |  select  |      0|  0|   8|           1|           8|
    |ap_enable_pp0                   |    xor   |      0|  0|   2|           1|           2|
    |ap_enable_pp1                   |    xor   |      0|  0|   2|           1|           2|
    |ap_enable_pp2                   |    xor   |      0|  0|   2|           1|           2|
    |ap_enable_pp3                   |    xor   |      0|  0|   2|           1|           2|
    |ap_enable_reg_pp1_iter1         |    xor   |      0|  0|   2|           2|           1|
    |ap_enable_reg_pp2_iter1         |    xor   |      0|  0|   2|           2|           1|
    +--------------------------------+----------+-------+---+----+------------+------------+
    |Total                           |          |      0|  0|3984|        1194|        2565|
    +--------------------------------+----------+-------+---+----+------------+------------+

    * Multiplexer: 
    +------------------------------+-----+-----------+-----+-----------+
    |             Name             | LUT | Input Size| Bits| Total Bits|
    +------------------------------+-----+-----------+-----+-----------+
    |acc_assign_1_reg_2220         |    9|          2|   20|         40|
    |acc_assign_2_reg_2266         |    9|          2|   20|         40|
    |acc_assign_reg_2185           |    9|          2|   23|         46|
    |ap_NS_fsm                     |  141|         31|    1|         31|
    |ap_enable_reg_pp0_iter1       |    9|          2|    1|          2|
    |ap_enable_reg_pp1_iter1       |    9|          2|    1|          2|
    |ap_enable_reg_pp1_iter3       |    9|          2|    1|          2|
    |ap_enable_reg_pp2_iter1       |    9|          2|    1|          2|
    |ap_enable_reg_pp2_iter3       |    9|          2|    1|          2|
    |ap_enable_reg_pp3_iter4       |    9|          2|    1|          2|
    |ap_phi_mux_b_phi_fu_2142_p4   |    9|          2|    6|         12|
    |ap_phi_mux_n9_phi_fu_2247_p4  |    9|          2|    4|          8|
    |b1_reg_2174                   |    9|          2|    6|         12|
    |b2_reg_2255                   |    9|          2|    3|          6|
    |b5_reg_2209                   |    9|          2|    4|          8|
    |b_reg_2138                    |    9|          2|    6|         12|
    |i_reg_2277                    |    9|          2|    4|          8|
    |in_vec_address0               |   85|         17|   10|        170|
    |indvar_flatten_reg_2232       |    9|          2|    6|         12|
    |input_buf_0_address0          |   15|          3|    6|         18|
    |input_buf_10_address0         |   15|          3|    6|         18|
    |input_buf_11_address0         |   15|          3|    6|         18|
    |input_buf_12_address0         |   15|          3|    6|         18|
    |input_buf_13_address0         |   15|          3|    6|         18|
    |input_buf_14_address0         |   15|          3|    6|         18|
    |input_buf_15_address0         |   15|          3|    6|         18|
    |input_buf_1_address0          |   15|          3|    6|         18|
    |input_buf_2_address0          |   15|          3|    6|         18|
    |input_buf_3_address0          |   15|          3|    6|         18|
    |input_buf_4_address0          |   15|          3|    6|         18|
    |input_buf_5_address0          |   15|          3|    6|         18|
    |input_buf_6_address0          |   15|          3|    6|         18|
    |input_buf_7_address0          |   15|          3|    6|         18|
    |input_buf_8_address0          |   15|          3|    6|         18|
    |input_buf_9_address0          |   15|          3|    6|         18|
    |n3_reg_2197                   |    9|          2|    7|         14|
    |n9_reg_2243                   |    9|          2|    4|          8|
    |n_reg_2150                    |    9|          2|    8|         16|
    |phi_mul_reg_2162              |    9|          2|   13|         26|
    |ping_buf_0_address0           |   15|          3|    3|          9|
    |ping_buf_10_address0          |   15|          3|    3|          9|
    |ping_buf_11_address0          |   15|          3|    3|          9|
    |ping_buf_12_address0          |   15|          3|    3|          9|
    |ping_buf_13_address0          |   15|          3|    3|          9|
    |ping_buf_14_address0          |   15|          3|    3|          9|
    |ping_buf_15_address0          |   15|          3|    3|          9|
    |ping_buf_1_address0           |   15|          3|    3|          9|
    |ping_buf_2_address0           |   15|          3|    3|          9|
    |ping_buf_3_address0           |   15|          3|    3|          9|
    |ping_buf_4_address0           |   15|          3|    3|          9|
    |ping_buf_5_address0           |   15|          3|    3|          9|
    |ping_buf_6_address0           |   15|          3|    3|          9|
    |ping_buf_7_address0           |   15|          3|    3|          9|
    |ping_buf_8_address0           |   15|          3|    3|          9|
    |ping_buf_9_address0           |   15|          3|    3|          9|
    +------------------------------+-----+-----------+-----+-----------+
    |Total                         |  895|        186|  295|        913|
    +------------------------------+-----+-----------+-----+-----------+

    * Register: 
    +-------------------------------+----+----+-----+-----------+
    |              Name             | FF | LUT| Bits| Const Bits|
    +-------------------------------+----+----+-----+-----------+
    |acc_assign_1_reg_2220          |  20|   0|   20|          0|
    |acc_assign_2_reg_2266          |  20|   0|   20|          0|
    |acc_assign_reg_2185            |  23|   0|   23|          0|
    |ap_CS_fsm                      |  30|   0|   30|          0|
    |ap_enable_reg_pp0_iter0        |   1|   0|    1|          0|
    |ap_enable_reg_pp0_iter1        |   1|   0|    1|          0|
    |ap_enable_reg_pp1_iter0        |   1|   0|    1|          0|
    |ap_enable_reg_pp1_iter1        |   1|   0|    1|          0|
    |ap_enable_reg_pp1_iter2        |   1|   0|    1|          0|
    |ap_enable_reg_pp1_iter3        |   1|   0|    1|          0|
    |ap_enable_reg_pp2_iter0        |   1|   0|    1|          0|
    |ap_enable_reg_pp2_iter1        |   1|   0|    1|          0|
    |ap_enable_reg_pp2_iter2        |   1|   0|    1|          0|
    |ap_enable_reg_pp2_iter3        |   1|   0|    1|          0|
    |ap_enable_reg_pp3_iter0        |   1|   0|    1|          0|
    |ap_enable_reg_pp3_iter1        |   1|   0|    1|          0|
    |ap_enable_reg_pp3_iter2        |   1|   0|    1|          0|
    |ap_enable_reg_pp3_iter3        |   1|   0|    1|          0|
    |ap_enable_reg_pp3_iter4        |   1|   0|    1|          0|
    |b1_reg_2174                    |   6|   0|    6|          0|
    |b2_reg_2255                    |   3|   0|    3|          0|
    |b5_reg_2209                    |   4|   0|    4|          0|
    |b_1_reg_6459                   |   6|   0|    6|          0|
    |b_reg_2138                     |   6|   0|    6|          0|
    |exitcond1_reg_6455             |   1|   0|    1|          0|
    |exitcond2_reg_7756             |   1|   0|    1|          0|
    |exitcond5_reg_7408             |   1|   0|    1|          0|
    |exitcond8_reg_6980             |   1|   0|    1|          0|
    |exitcond_flatten_reg_7747      |   1|   0|    1|          0|
    |i_reg_2277                     |   4|   0|    4|          0|
    |indvar_flatten_reg_2232        |   6|   0|    6|          0|
    |input_buf_0_load_reg_7121      |   8|   0|    8|          0|
    |input_buf_11_load_reg_7221     |   8|   0|    8|          0|
    |input_buf_13_load_reg_7241     |   8|   0|    8|          0|
    |input_buf_14_load_reg_7251     |   8|   0|    8|          0|
    |input_buf_2_load_reg_7141      |   8|   0|    8|          0|
    |input_buf_6_load_reg_7171      |   8|   0|    8|          0|
    |input_buf_9_load_reg_7201      |   8|   0|    8|          0|
    |n3_reg_2197                    |   7|   0|    7|          0|
    |n9_reg_2243                    |   4|   0|    4|          0|
    |n_1_reg_6591                   |   8|   0|    8|          0|
    |n_2_reg_7328                   |   7|   0|    7|          0|
    |n_reg_2150                     |   8|   0|    8|          0|
    |next_mul_reg_6582              |  13|   0|   13|          0|
    |out_buf_8_s_fu_736             |   8|   0|    8|          0|
    |out_buf_9_16_reg_8130          |   8|   0|    8|          0|
    |out_buf_9_1_fu_732             |   8|   0|    8|          0|
    |out_buf_9_25_reg_8135          |   8|   0|    8|          0|
    |out_buf_9_2_fu_728             |   8|   0|    8|          0|
    |out_buf_9_33_reg_8140          |   8|   0|    8|          0|
    |out_buf_9_3_fu_724             |   8|   0|    8|          0|
    |out_buf_9_40_reg_8145          |   8|   0|    8|          0|
    |out_buf_9_46_reg_8150          |   8|   0|    8|          0|
    |out_buf_9_4_fu_720             |   8|   0|    8|          0|
    |out_buf_9_51_reg_8155          |   8|   0|    8|          0|
    |out_buf_9_55_reg_8160          |   8|   0|    8|          0|
    |out_buf_9_58_reg_8165          |   8|   0|    8|          0|
    |out_buf_9_5_fu_716             |   8|   0|    8|          0|
    |out_buf_9_60_reg_8170          |   8|   0|    8|          0|
    |out_buf_9_61_reg_8175          |   8|   0|    8|          0|
    |out_buf_9_64_reg_8021          |   8|   0|    8|          0|
    |out_buf_9_6_fu_712             |   8|   0|    8|          0|
    |out_buf_9_7_fu_708             |   8|   0|    8|          0|
    |out_buf_9_8_fu_704             |   8|   0|    8|          0|
    |out_buf_9_s_fu_740             |   8|   0|    8|          0|
    |phi_mul_reg_2162               |  13|   0|   13|          0|
    |ping_buf_0_load_reg_7549       |   8|   0|    8|          0|
    |ping_buf_10_load_reg_7639      |   8|   0|    8|          0|
    |ping_buf_14_load_reg_7669      |   8|   0|    8|          0|
    |ping_buf_2_load_reg_7569       |   8|   0|    8|          0|
    |ping_buf_5_load_reg_7599       |   8|   0|    8|          0|
    |ping_buf_8_load_reg_7619       |   8|   0|    8|          0|
    |pong_buf_15_3_106_fu_580       |   8|   0|    8|          0|
    |pong_buf_15_3_109_fu_576       |   8|   0|    8|          0|
    |pong_buf_15_3_10_fu_688        |   8|   0|    8|          0|
    |pong_buf_15_3_117_fu_596       |   8|   0|    8|          0|
    |pong_buf_15_3_120_fu_592       |   8|   0|    8|          0|
    |pong_buf_15_3_128_fu_612       |   8|   0|    8|          0|
    |pong_buf_15_3_131_fu_608       |   8|   0|    8|          0|
    |pong_buf_15_3_139_fu_628       |   8|   0|    8|          0|
    |pong_buf_15_3_142_fu_624       |   8|   0|    8|          0|
    |pong_buf_15_3_150_fu_644       |   8|   0|    8|          0|
    |pong_buf_15_3_153_fu_640       |   8|   0|    8|          0|
    |pong_buf_15_3_161_fu_660       |   8|   0|    8|          0|
    |pong_buf_15_3_164_fu_656       |   8|   0|    8|          0|
    |pong_buf_15_3_172_fu_676       |   8|   0|    8|          0|
    |pong_buf_15_3_175_fu_672       |   8|   0|    8|          0|
    |pong_buf_15_3_177_fu_460       |   8|   0|    8|          0|
    |pong_buf_15_3_178_fu_472       |   8|   0|    8|          0|
    |pong_buf_15_3_179_fu_476       |   8|   0|    8|          0|
    |pong_buf_15_3_180_fu_488       |   8|   0|    8|          0|
    |pong_buf_15_3_181_fu_492       |   8|   0|    8|          0|
    |pong_buf_15_3_182_fu_504       |   8|   0|    8|          0|
    |pong_buf_15_3_183_fu_508       |   8|   0|    8|          0|
    |pong_buf_15_3_184_fu_520       |   8|   0|    8|          0|
    |pong_buf_15_3_185_fu_524       |   8|   0|    8|          0|
    |pong_buf_15_3_186_fu_536       |   8|   0|    8|          0|
    |pong_buf_15_3_187_fu_540       |   8|   0|    8|          0|
    |pong_buf_15_3_188_fu_552       |   8|   0|    8|          0|
    |pong_buf_15_3_189_fu_556       |   8|   0|    8|          0|
    |pong_buf_15_3_18_fu_452        |   8|   0|    8|          0|
    |pong_buf_15_3_190_fu_568       |   8|   0|    8|          0|
    |pong_buf_15_3_191_fu_572       |   8|   0|    8|          0|
    |pong_buf_15_3_192_fu_584       |   8|   0|    8|          0|
    |pong_buf_15_3_193_fu_588       |   8|   0|    8|          0|
    |pong_buf_15_3_194_fu_600       |   8|   0|    8|          0|
    |pong_buf_15_3_195_fu_604       |   8|   0|    8|          0|
    |pong_buf_15_3_196_fu_616       |   8|   0|    8|          0|
    |pong_buf_15_3_197_fu_620       |   8|   0|    8|          0|
    |pong_buf_15_3_198_fu_632       |   8|   0|    8|          0|
    |pong_buf_15_3_199_fu_636       |   8|   0|    8|          0|
    |pong_buf_15_3_1_fu_448         |   8|   0|    8|          0|
    |pong_buf_15_3_200_fu_648       |   8|   0|    8|          0|
    |pong_buf_15_3_201_fu_652       |   8|   0|    8|          0|
    |pong_buf_15_3_202_fu_664       |   8|   0|    8|          0|
    |pong_buf_15_3_203_fu_668       |   8|   0|    8|          0|
    |pong_buf_15_3_204_fu_680       |   8|   0|    8|          0|
    |pong_buf_15_3_205_fu_684       |   8|   0|    8|          0|
    |pong_buf_15_3_206_fu_696       |   8|   0|    8|          0|
    |pong_buf_15_3_207_fu_700       |   8|   0|    8|          0|
    |pong_buf_15_3_21_fu_456        |   8|   0|    8|          0|
    |pong_buf_15_3_29_fu_468        |   8|   0|    8|          0|
    |pong_buf_15_3_32_fu_464        |   8|   0|    8|          0|
    |pong_buf_15_3_40_fu_484        |   8|   0|    8|          0|
    |pong_buf_15_3_43_fu_480        |   8|   0|    8|          0|
    |pong_buf_15_3_51_fu_500        |   8|   0|    8|          0|
    |pong_buf_15_3_54_fu_496        |   8|   0|    8|          0|
    |pong_buf_15_3_62_fu_516        |   8|   0|    8|          0|
    |pong_buf_15_3_65_fu_512        |   8|   0|    8|          0|
    |pong_buf_15_3_73_fu_532        |   8|   0|    8|          0|
    |pong_buf_15_3_76_fu_528        |   8|   0|    8|          0|
    |pong_buf_15_3_7_fu_692         |   8|   0|    8|          0|
    |pong_buf_15_3_84_fu_548        |   8|   0|    8|          0|
    |pong_buf_15_3_87_fu_544        |   8|   0|    8|          0|
    |pong_buf_15_3_95_fu_564        |   8|   0|    8|          0|
    |pong_buf_15_3_98_fu_560        |   8|   0|    8|          0|
    |sel_tmp10_dup_reg_8075         |   1|   0|    1|          0|
    |sel_tmp12_dup_reg_8086         |   1|   0|    1|          0|
    |sel_tmp14_dup_reg_8098         |   1|   0|    1|          0|
    |sel_tmp16_dup_reg_8111         |   1|   0|    1|          0|
    |sel_tmp2_dup_reg_8041          |   1|   0|    1|          0|
    |sel_tmp4_dup_reg_8048          |   1|   0|    1|          0|
    |sel_tmp6_dup_reg_8056          |   1|   0|    1|          0|
    |sel_tmp8_dup_reg_8065          |   1|   0|    1|          0|
    |sel_tmp_dup_reg_8035           |   1|   0|    1|          0|
    |tmp19_reg_7276                 |  14|   0|   14|          0|
    |tmp20_reg_7281                 |  15|   0|   15|          0|
    |tmp22_reg_7286                 |  15|   0|   15|          0|
    |tmp23_reg_7291                 |  15|   0|   15|          0|
    |tmp26_reg_7296                 |  15|   0|   15|          0|
    |tmp27_reg_7301                 |  15|   0|   15|          0|
    |tmp29_reg_7306                 |  14|   0|   14|          0|
    |tmp30_reg_7311                 |  15|   0|   15|          0|
    |tmp49_reg_8001                 |  17|   0|   17|          0|
    |tmp50_reg_8006                 |  14|   0|   14|          0|
    |tmp51_reg_7699                 |  14|   0|   14|          0|
    |tmp52_reg_7704                 |  14|   0|   14|          0|
    |tmp54_reg_7709                 |  14|   0|   14|          0|
    |tmp55_reg_7714                 |  15|   0|   15|          0|
    |tmp58_reg_7719                 |  15|   0|   15|          0|
    |tmp59_reg_7724                 |  14|   0|   14|          0|
    |tmp61_reg_7729                 |  15|   0|   15|          0|
    |tmp62_reg_7734                 |  14|   0|   14|          0|
    |tmp65_reg_8011                 |  15|   0|   15|          0|
    |tmp69_reg_8016                 |  15|   0|   15|          0|
    |tmp_11_mid2_v_reg_7771         |   4|   0|    4|          0|
    |tmp_14_reg_7417                |   4|   0|   64|         60|
    |tmp_17_cast_reg_7333           |   7|   0|   11|          4|
    |tmp_1_reg_6488                 |   6|   0|   64|         58|
    |tmp_29_reg_7881                |   8|   0|    8|          0|
    |tmp_35_reg_7891                |   8|   0|    8|          0|
    |tmp_36_5_reg_7271              |  14|   0|   14|          0|
    |tmp_37_reg_7971                |  15|   0|   15|          0|
    |tmp_38_reg_7901                |   8|   0|    8|          0|
    |tmp_3_reg_6989                 |   6|   0|   64|         58|
    |tmp_40_reg_7911                |   8|   0|    8|          0|
    |tmp_42_reg_7856                |   2|   0|    2|          0|
    |tmp_42_reg_7856_pp3_iter1_reg  |   2|   0|    2|          0|
    |tmp_43_reg_7921                |   8|   0|    8|          0|
    |tmp_44_11_reg_7694             |  14|   0|   14|          0|
    |tmp_44_6_reg_7689              |  14|   0|   14|          0|
    |tmp_45_reg_7936                |   8|   0|    8|          0|
    |tmp_53_reg_7951                |   8|   0|    8|          0|
    |tmp_54_11_reg_7991             |  14|   0|   14|          0|
    |tmp_54_13_reg_7996             |  14|   0|   14|          0|
    |tmp_54_2_reg_7976              |  15|   0|   15|          0|
    |tmp_54_4_reg_7981              |  15|   0|   15|          0|
    |tmp_54_6_reg_7986              |  15|   0|   15|          0|
    |tmp_55_reg_7961                |   8|   0|    8|          0|
    |tmp_reg_6464                   |   6|   0|   10|          4|
    |weights_l1_8b_0_load_reg_7126  |   7|   0|    7|          0|
    |weights_l1_8b_10_loa_reg_7216  |   6|   0|    6|          0|
    |weights_l1_8b_11_loa_reg_7226  |   7|   0|    7|          0|
    |weights_l1_8b_12_loa_reg_7236  |   6|   0|    6|          0|
    |weights_l1_8b_13_loa_reg_7246  |   7|   0|    7|          0|
    |weights_l1_8b_14_loa_reg_7256  |   6|   0|    6|          0|
    |weights_l1_8b_15_loa_reg_7266  |   6|   0|    6|          0|
    |weights_l1_8b_1_load_reg_7136  |   7|   0|    7|          0|
    |weights_l1_8b_2_load_reg_7146  |   7|   0|    7|          0|
    |weights_l1_8b_3_load_reg_7156  |   6|   0|    6|          0|
    |weights_l1_8b_4_load_reg_7166  |   6|   0|    6|          0|
    |weights_l1_8b_6_load_reg_7176  |   7|   0|    7|          0|
    |weights_l1_8b_7_load_reg_7186  |   7|   0|    7|          0|
    |weights_l1_8b_8_load_reg_7196  |   6|   0|    6|          0|
    |weights_l1_8b_9_load_reg_7206  |   7|   0|    7|          0|
    |weights_l2_8b_0_load_reg_7554  |   7|   0|    7|          0|
    |weights_l2_8b_10_loa_reg_7644  |   6|   0|    6|          0|
    |weights_l2_8b_11_loa_reg_7654  |   6|   0|    6|          0|
    |weights_l2_8b_13_loa_reg_7664  |   6|   0|    6|          0|
    |weights_l2_8b_14_loa_reg_7674  |   7|   0|    7|          0|
    |weights_l2_8b_15_loa_reg_7684  |   6|   0|    6|          0|
    |weights_l2_8b_1_load_reg_7564  |   7|   0|    7|          0|
    |weights_l2_8b_2_load_reg_7574  |   6|   0|    6|          0|
    |weights_l2_8b_3_load_reg_7584  |   6|   0|    6|          0|
    |weights_l2_8b_4_load_reg_7594  |   6|   0|    6|          0|
    |weights_l2_8b_5_load_reg_7604  |   6|   0|    6|          0|
    |weights_l2_8b_7_load_reg_7614  |   6|   0|    6|          0|
    |weights_l2_8b_8_load_reg_7624  |   6|   0|    6|          0|
    |weights_l2_8b_9_load_reg_7634  |   6|   0|    6|          0|
    |weights_l3_8b_10_loa_reg_7941  |   6|   0|    6|          0|
    |weights_l3_8b_11_loa_reg_7946  |   6|   0|    6|          0|
    |weights_l3_8b_13_loa_reg_7956  |   6|   0|    6|          0|
    |weights_l3_8b_15_loa_reg_7966  |   6|   0|    6|          0|
    |weights_l3_8b_1_load_reg_7886  |   7|   0|    7|          0|
    |weights_l3_8b_3_load_reg_7896  |   6|   0|    6|          0|
    |weights_l3_8b_5_load_reg_7906  |   6|   0|    6|          0|
    |weights_l3_8b_7_load_reg_7916  |   7|   0|    7|          0|
    |weights_l3_8b_8_load_reg_7926  |   7|   0|    7|          0|
    |weights_l3_8b_9_load_reg_7931  |   7|   0|    7|          0|
    |exitcond2_reg_7756             |  64|  32|    1|          0|
    |exitcond5_reg_7408             |  64|  32|    1|          0|
    |exitcond8_reg_6980             |  64|  32|    1|          0|
    |exitcond_flatten_reg_7747      |  64|  32|    1|          0|
    |n9_reg_2243                    |  64|  32|    4|          0|
    +-------------------------------+----+----+-----+-----------+
    |Total                          |2095| 160| 1967|        184|
    +-------------------------------+----+----+-----+-----------+



================================================================
== Interface
================================================================
* Summary: 
+------------------------+-----+-----+------------+--------------+--------------+
|        RTL Ports       | Dir | Bits|  Protocol  | Source Object|    C Type    |
+------------------------+-----+-----+------------+--------------+--------------+
|s_axi_CTRL_BUS_AWVALID  |  in |    1|    s_axi   |   CTRL_BUS   |     array    |
|s_axi_CTRL_BUS_AWREADY  | out |    1|    s_axi   |   CTRL_BUS   |     array    |
|s_axi_CTRL_BUS_AWADDR   |  in |   12|    s_axi   |   CTRL_BUS   |     array    |
|s_axi_CTRL_BUS_WVALID   |  in |    1|    s_axi   |   CTRL_BUS   |     array    |
|s_axi_CTRL_BUS_WREADY   | out |    1|    s_axi   |   CTRL_BUS   |     array    |
|s_axi_CTRL_BUS_WDATA    |  in |   32|    s_axi   |   CTRL_BUS   |     array    |
|s_axi_CTRL_BUS_WSTRB    |  in |    4|    s_axi   |   CTRL_BUS   |     array    |
|s_axi_CTRL_BUS_ARVALID  |  in |    1|    s_axi   |   CTRL_BUS   |     array    |
|s_axi_CTRL_BUS_ARREADY  | out |    1|    s_axi   |   CTRL_BUS   |     array    |
|s_axi_CTRL_BUS_ARADDR   |  in |   12|    s_axi   |   CTRL_BUS   |     array    |
|s_axi_CTRL_BUS_RVALID   | out |    1|    s_axi   |   CTRL_BUS   |     array    |
|s_axi_CTRL_BUS_RREADY   |  in |    1|    s_axi   |   CTRL_BUS   |     array    |
|s_axi_CTRL_BUS_RDATA    | out |   32|    s_axi   |   CTRL_BUS   |     array    |
|s_axi_CTRL_BUS_RRESP    | out |    2|    s_axi   |   CTRL_BUS   |     array    |
|s_axi_CTRL_BUS_BVALID   | out |    1|    s_axi   |   CTRL_BUS   |     array    |
|s_axi_CTRL_BUS_BREADY   |  in |    1|    s_axi   |   CTRL_BUS   |     array    |
|s_axi_CTRL_BUS_BRESP    | out |    2|    s_axi   |   CTRL_BUS   |     array    |
|ap_clk                  |  in |    1| ap_ctrl_hs | mlp_accel_8b | return value |
|ap_rst_n                |  in |    1| ap_ctrl_hs | mlp_accel_8b | return value |
|interrupt               | out |    1| ap_ctrl_hs | mlp_accel_8b | return value |
+------------------------+-----+-----+------------+--------------+--------------+

